######### MPRJ-DMEM Wishbone Interface Min Timing ########## 
mprj/u_riscv_top/wbd_dmem_adr_o[31]:0.7876
mprj/u_riscv_top/wbd_dmem_adr_o[30]:0.9843
mprj/u_riscv_top/wbd_dmem_adr_o[29]:0.9942
mprj/u_riscv_top/wbd_dmem_adr_o[28]:0.9435
mprj/u_riscv_top/wbd_dmem_adr_o[27]:0.9533
mprj/u_riscv_top/wbd_dmem_adr_o[26]:0.9178
mprj/u_riscv_top/wbd_dmem_adr_o[25]:0.9546
mprj/u_riscv_top/wbd_dmem_adr_o[24]:0.9225
mprj/u_riscv_top/wbd_dmem_adr_o[23]:0.9320
mprj/u_riscv_top/wbd_dmem_adr_o[22]:0.9706
mprj/u_riscv_top/wbd_dmem_adr_o[21]:0.8899
mprj/u_riscv_top/wbd_dmem_adr_o[20]:0.9680
mprj/u_riscv_top/wbd_dmem_adr_o[19]:0.8937
mprj/u_riscv_top/wbd_dmem_adr_o[18]:0.9554
mprj/u_riscv_top/wbd_dmem_adr_o[17]:0.8823
mprj/u_riscv_top/wbd_dmem_adr_o[16]:0.9640
mprj/u_riscv_top/wbd_dmem_adr_o[15]:0.8857
mprj/u_riscv_top/wbd_dmem_adr_o[14]:0.8858
mprj/u_riscv_top/wbd_dmem_adr_o[13]:0.8922
mprj/u_riscv_top/wbd_dmem_adr_o[12]:0.8478
mprj/u_riscv_top/wbd_dmem_adr_o[11]:0.8842
mprj/u_riscv_top/wbd_dmem_adr_o[10]:0.7464
mprj/u_riscv_top/wbd_dmem_adr_o[9]:0.7562
mprj/u_riscv_top/wbd_dmem_adr_o[8]:0.7556
mprj/u_riscv_top/wbd_dmem_adr_o[7]:0.7034
mprj/u_riscv_top/wbd_dmem_adr_o[6]:0.7040
mprj/u_riscv_top/wbd_dmem_adr_o[5]:0.7316
mprj/u_riscv_top/wbd_dmem_adr_o[4]:0.7175
mprj/u_riscv_top/wbd_dmem_adr_o[3]:0.7011
mprj/u_riscv_top/wbd_dmem_adr_o[2]:0.7394
mprj/u_riscv_top/wbd_dmem_stb_o:0.6982
mprj/u_riscv_top/wbd_dmem_dat_o[31]:0.7902
mprj/u_riscv_top/wbd_dmem_dat_o[30]:0.8387
mprj/u_riscv_top/wbd_dmem_dat_o[29]:0.7506
mprj/u_riscv_top/wbd_dmem_dat_o[28]:0.7499
mprj/u_riscv_top/wbd_dmem_dat_o[27]:0.7536
mprj/u_riscv_top/wbd_dmem_dat_o[26]:0.7338
mprj/u_riscv_top/wbd_dmem_dat_o[25]:0.8962
mprj/u_riscv_top/wbd_dmem_dat_o[24]:0.8940
mprj/u_riscv_top/wbd_dmem_dat_o[23]:0.8815
mprj/u_riscv_top/wbd_dmem_dat_o[22]:0.8786
mprj/u_riscv_top/wbd_dmem_dat_o[21]:0.8765
mprj/u_riscv_top/wbd_dmem_dat_o[20]:0.8734
mprj/u_riscv_top/wbd_dmem_dat_o[19]:0.7169
mprj/u_riscv_top/wbd_dmem_dat_o[18]:0.7492
mprj/u_riscv_top/wbd_dmem_dat_o[17]:0.9071
mprj/u_riscv_top/wbd_dmem_dat_o[16]:0.9064
mprj/u_riscv_top/wbd_dmem_dat_o[15]:0.7478
mprj/u_riscv_top/wbd_dmem_dat_o[14]:0.7610
mprj/u_riscv_top/wbd_dmem_dat_o[13]:0.7887
mprj/u_riscv_top/wbd_dmem_dat_o[12]:0.7763
mprj/u_riscv_top/wbd_dmem_dat_o[11]:0.8748
mprj/u_riscv_top/wbd_dmem_dat_o[10]:0.7246
mprj/u_riscv_top/wbd_dmem_dat_o[9]:0.6844
mprj/u_riscv_top/wbd_dmem_dat_o[8]:0.7731
mprj/u_riscv_top/wbd_dmem_dat_o[7]:0.7582
mprj/u_riscv_top/wbd_dmem_dat_o[6]:0.7699
mprj/u_riscv_top/wbd_dmem_dat_o[5]:0.7838
mprj/u_riscv_top/wbd_dmem_dat_o[4]:0.7832
mprj/u_riscv_top/wbd_dmem_dat_o[3]:0.7426
mprj/u_riscv_top/wbd_dmem_dat_o[2]:0.7200
mprj/u_riscv_top/wbd_dmem_dat_o[1]:0.7250
mprj/u_riscv_top/wbd_dmem_dat_o[0]:0.7303
mprj/u_riscv_top/wbd_dmem_sel_o[3]:0.6163
mprj/u_riscv_top/wbd_dmem_sel_o[2]:0.6494
mprj/u_riscv_top/wbd_dmem_sel_o[1]:0.7973
mprj/u_riscv_top/wbd_dmem_sel_o[0]:0.7566
mprj/u_riscv_top/wbd_dmem_we_o:0.4934
mprj/u_riscv_top/wbd_dmem_ack_i:0.2144
mprj/u_riscv_top/wbd_dmem_dat_i[31]:0.1954
mprj/u_riscv_top/wbd_dmem_dat_i[30]:0.2025
mprj/u_riscv_top/wbd_dmem_dat_i[29]:0.2191
mprj/u_riscv_top/wbd_dmem_dat_i[28]:0.2113
mprj/u_riscv_top/wbd_dmem_dat_i[27]:0.0182
mprj/u_riscv_top/wbd_dmem_dat_i[26]:0.0284
mprj/u_riscv_top/wbd_dmem_dat_i[25]:0.0038
mprj/u_riscv_top/wbd_dmem_dat_i[24]:0.1741
mprj/u_riscv_top/wbd_dmem_dat_i[23]:0.0077
mprj/u_riscv_top/wbd_dmem_dat_i[22]:0.0096
mprj/u_riscv_top/wbd_dmem_dat_i[21]:0.0400
mprj/u_riscv_top/wbd_dmem_dat_i[20]:0.0148
mprj/u_riscv_top/wbd_dmem_dat_i[19]:0.2065
mprj/u_riscv_top/wbd_dmem_dat_i[18]:0.2135
mprj/u_riscv_top/wbd_dmem_dat_i[17]:0.1974
mprj/u_riscv_top/wbd_dmem_dat_i[16]:0.2322
mprj/u_riscv_top/wbd_dmem_dat_i[15]:0.1977
mprj/u_riscv_top/wbd_dmem_dat_i[14]:0.1786
mprj/u_riscv_top/wbd_dmem_dat_i[13]:0.1905
mprj/u_riscv_top/wbd_dmem_dat_i[12]:0.1502
mprj/u_riscv_top/wbd_dmem_dat_i[11]:0.1517
mprj/u_riscv_top/wbd_dmem_dat_i[10]:0.2053
mprj/u_riscv_top/wbd_dmem_dat_i[9]:0.1610
mprj/u_riscv_top/wbd_dmem_dat_i[8]:0.1376
mprj/u_riscv_top/wbd_dmem_dat_i[7]:0.2401
mprj/u_riscv_top/wbd_dmem_dat_i[6]:0.2672
mprj/u_riscv_top/wbd_dmem_dat_i[5]:0.2642
mprj/u_riscv_top/wbd_dmem_dat_i[4]:0.2056
mprj/u_riscv_top/wbd_dmem_dat_i[3]:0.2566
mprj/u_riscv_top/wbd_dmem_dat_i[2]:0.2399
mprj/u_riscv_top/wbd_dmem_dat_i[1]:0.2039
mprj/u_riscv_top/wbd_dmem_dat_i[0]:0.1783
