######### MPRJ-SPI Wishbone Interface Min Timing ########## 
mprj/u_spi_master/wbd_adr_i[31]:0.2739
mprj/u_spi_master/wbd_adr_i[30]:0.0563
mprj/u_spi_master/wbd_adr_i[29]:0.1074
mprj/u_spi_master/wbd_adr_i[28]:0.1378
mprj/u_spi_master/wbd_adr_i[27]:0.2494
mprj/u_spi_master/wbd_adr_i[26]:0.2896
mprj/u_spi_master/wbd_adr_i[25]:0.3033
mprj/u_spi_master/wbd_adr_i[24]:0.2799
mprj/u_spi_master/wbd_adr_i[23]:0.2840
mprj/u_spi_master/wbd_adr_i[22]:0.2273
mprj/u_spi_master/wbd_adr_i[21]:0.2667
mprj/u_spi_master/wbd_adr_i[20]:0.2126
mprj/u_spi_master/wbd_adr_i[19]:0.2687
mprj/u_spi_master/wbd_adr_i[18]:0.2213
mprj/u_spi_master/wbd_adr_i[17]:0.1686
mprj/u_spi_master/wbd_adr_i[16]:0.1716
mprj/u_spi_master/wbd_adr_i[15]:0.2124
mprj/u_spi_master/wbd_adr_i[14]:0.2145
mprj/u_spi_master/wbd_adr_i[13]:0.1686
mprj/u_spi_master/wbd_adr_i[12]:0.2097
mprj/u_spi_master/wbd_adr_i[11]:0.1654
mprj/u_spi_master/wbd_adr_i[10]:0.3742
mprj/u_spi_master/wbd_adr_i[9]:0.4265
mprj/u_spi_master/wbd_adr_i[8]:0.4370
mprj/u_spi_master/wbd_adr_i[7]:0.6609
mprj/u_spi_master/wbd_adr_i[6]:0.6606
mprj/u_spi_master/wbd_adr_i[5]:0.5927
mprj/u_spi_master/wbd_adr_i[4]:0.5947
mprj/u_spi_master/wbd_adr_i[3]:0.5838
mprj/u_spi_master/wbd_adr_i[2]:0.5102
mprj/u_spi_master/wbd_stb_i:0.7771
mprj/u_spi_master/wbd_dat_i[31]:0.6351
mprj/u_spi_master/wbd_dat_i[30]:0.6374
mprj/u_spi_master/wbd_dat_i[29]:0.6374
mprj/u_spi_master/wbd_dat_i[28]:0.5559
mprj/u_spi_master/wbd_dat_i[27]:0.4878
mprj/u_spi_master/wbd_dat_i[26]:0.6413
mprj/u_spi_master/wbd_dat_i[25]:0.6019
mprj/u_spi_master/wbd_dat_i[24]:0.5389
mprj/u_spi_master/wbd_dat_i[23]:0.5456
mprj/u_spi_master/wbd_dat_i[22]:0.5336
mprj/u_spi_master/wbd_dat_i[21]:0.5259
mprj/u_spi_master/wbd_dat_i[20]:0.6525
mprj/u_spi_master/wbd_dat_i[19]:0.6524
mprj/u_spi_master/wbd_dat_i[18]:0.7251
mprj/u_spi_master/wbd_dat_i[17]:0.5752
mprj/u_spi_master/wbd_dat_i[16]:0.5646
mprj/u_spi_master/wbd_dat_i[15]:0.7251
mprj/u_spi_master/wbd_dat_i[14]:0.6252
mprj/u_spi_master/wbd_dat_i[13]:0.6278
mprj/u_spi_master/wbd_dat_i[12]:0.6524
mprj/u_spi_master/wbd_dat_i[11]:0.6933
mprj/u_spi_master/wbd_dat_i[10]:0.6924
mprj/u_spi_master/wbd_dat_i[9]:0.6924
mprj/u_spi_master/wbd_dat_i[8]:0.6923
mprj/u_spi_master/wbd_dat_i[7]:0.6380
mprj/u_spi_master/wbd_dat_i[6]:0.6379
mprj/u_spi_master/wbd_dat_i[5]:0.6379
mprj/u_spi_master/wbd_dat_i[4]:0.6379
mprj/u_spi_master/wbd_dat_i[3]:0.6379
mprj/u_spi_master/wbd_dat_i[2]:0.6352
mprj/u_spi_master/wbd_dat_i[1]:0.6351
mprj/u_spi_master/wbd_dat_i[0]:0.6352
mprj/u_spi_master/wbd_sel_i[3]:0.6054
mprj/u_spi_master/wbd_sel_i[2]:0.6108
mprj/u_spi_master/wbd_sel_i[1]:0.4827
mprj/u_spi_master/wbd_sel_i[0]:0.7257
mprj/u_spi_master/wbd_we_i:0.7635
mprj/u_spi_master/wbd_ack_o:0.3473
mprj/u_spi_master/wbd_dat_o[31]:0.1797
mprj/u_spi_master/wbd_dat_o[30]:0.1593
mprj/u_spi_master/wbd_dat_o[29]:0.1516
mprj/u_spi_master/wbd_dat_o[28]:0.1508
mprj/u_spi_master/wbd_dat_o[27]:0.4189
mprj/u_spi_master/wbd_dat_o[26]:0.4192
mprj/u_spi_master/wbd_dat_o[25]:0.3569
mprj/u_spi_master/wbd_dat_o[24]:0.2494
mprj/u_spi_master/wbd_dat_o[23]:0.4018
mprj/u_spi_master/wbd_dat_o[22]:0.4298
mprj/u_spi_master/wbd_dat_o[21]:0.4004
mprj/u_spi_master/wbd_dat_o[20]:0.3963
mprj/u_spi_master/wbd_dat_o[19]:0.2195
mprj/u_spi_master/wbd_dat_o[18]:0.2358
mprj/u_spi_master/wbd_dat_o[17]:0.2354
mprj/u_spi_master/wbd_dat_o[16]:0.2146
mprj/u_spi_master/wbd_dat_o[15]:0.1877
mprj/u_spi_master/wbd_dat_o[14]:0.2173
mprj/u_spi_master/wbd_dat_o[13]:0.1895
mprj/u_spi_master/wbd_dat_o[12]:0.1936
mprj/u_spi_master/wbd_dat_o[11]:0.2379
mprj/u_spi_master/wbd_dat_o[10]:0.2193
mprj/u_spi_master/wbd_dat_o[9]:0.2241
mprj/u_spi_master/wbd_dat_o[8]:0.2318
mprj/u_spi_master/wbd_dat_o[7]:0.2117
mprj/u_spi_master/wbd_dat_o[6]:0.2198
mprj/u_spi_master/wbd_dat_o[5]:0.1949
mprj/u_spi_master/wbd_dat_o[4]:0.2143
mprj/u_spi_master/wbd_dat_o[3]:0.2239
mprj/u_spi_master/wbd_dat_o[2]:0.2288
mprj/u_spi_master/wbd_dat_o[1]:0.2252
mprj/u_spi_master/wbd_dat_o[0]:0.2387
