######### MPRJ-IMEM Wishbone Interface Min Timing ########## 
mprj/u_riscv_top/wbd_imem_adr_o[31]:0.4718
mprj/u_riscv_top/wbd_imem_adr_o[30]:0.6986
mprj/u_riscv_top/wbd_imem_adr_o[29]:0.7337
mprj/u_riscv_top/wbd_imem_adr_o[28]:0.7197
mprj/u_riscv_top/wbd_imem_adr_o[27]:0.7086
mprj/u_riscv_top/wbd_imem_adr_o[26]:0.7003
mprj/u_riscv_top/wbd_imem_adr_o[25]:0.7030
mprj/u_riscv_top/wbd_imem_adr_o[24]:0.6818
mprj/u_riscv_top/wbd_imem_adr_o[23]:0.6736
mprj/u_riscv_top/wbd_imem_adr_o[22]:0.7172
mprj/u_riscv_top/wbd_imem_adr_o[21]:0.6679
mprj/u_riscv_top/wbd_imem_adr_o[20]:0.7041
mprj/u_riscv_top/wbd_imem_adr_o[19]:0.6757
mprj/u_riscv_top/wbd_imem_adr_o[18]:0.7217
mprj/u_riscv_top/wbd_imem_adr_o[17]:0.7959
mprj/u_riscv_top/wbd_imem_adr_o[16]:0.8097
mprj/u_riscv_top/wbd_imem_adr_o[15]:0.6494
mprj/u_riscv_top/wbd_imem_adr_o[14]:0.6692
mprj/u_riscv_top/wbd_imem_adr_o[13]:0.7160
mprj/u_riscv_top/wbd_imem_adr_o[12]:0.6704
mprj/u_riscv_top/wbd_imem_adr_o[11]:0.7197
mprj/u_riscv_top/wbd_imem_adr_o[10]:0.5729
mprj/u_riscv_top/wbd_imem_adr_o[9]:0.5813
mprj/u_riscv_top/wbd_imem_adr_o[8]:0.5727
mprj/u_riscv_top/wbd_imem_adr_o[7]:0.5177
mprj/u_riscv_top/wbd_imem_adr_o[6]:0.5255
mprj/u_riscv_top/wbd_imem_adr_o[5]:0.5162
mprj/u_riscv_top/wbd_imem_adr_o[4]:0.5252
mprj/u_riscv_top/wbd_imem_adr_o[3]:0.5651
mprj/u_riscv_top/wbd_imem_adr_o[2]:0.6368
mprj/u_riscv_top/wbd_imem_stb_o:0.6958
mprj/u_riscv_top/wbd_imem_ack_i:0.2116
mprj/u_riscv_top/wbd_imem_dat_i[31]:0.1185
mprj/u_riscv_top/wbd_imem_dat_i[30]:0.1251
mprj/u_riscv_top/wbd_imem_dat_i[29]:0.1429
mprj/u_riscv_top/wbd_imem_dat_i[28]:0.1344
mprj/u_riscv_top/wbd_imem_dat_i[27]:-0.0139
mprj/u_riscv_top/wbd_imem_dat_i[26]:-0.0260
mprj/u_riscv_top/wbd_imem_dat_i[25]:-0.0630
mprj/u_riscv_top/wbd_imem_dat_i[24]:0.0840
mprj/u_riscv_top/wbd_imem_dat_i[23]:-0.0455
mprj/u_riscv_top/wbd_imem_dat_i[22]:-0.0366
mprj/u_riscv_top/wbd_imem_dat_i[21]:0.0008
mprj/u_riscv_top/wbd_imem_dat_i[20]:-0.0247
mprj/u_riscv_top/wbd_imem_dat_i[19]:0.1502
mprj/u_riscv_top/wbd_imem_dat_i[18]:0.1620
mprj/u_riscv_top/wbd_imem_dat_i[17]:0.1309
mprj/u_riscv_top/wbd_imem_dat_i[16]:0.1673
mprj/u_riscv_top/wbd_imem_dat_i[15]:0.2434
mprj/u_riscv_top/wbd_imem_dat_i[14]:0.1882
mprj/u_riscv_top/wbd_imem_dat_i[13]:0.2061
mprj/u_riscv_top/wbd_imem_dat_i[12]:0.2001
mprj/u_riscv_top/wbd_imem_dat_i[11]:0.1475
mprj/u_riscv_top/wbd_imem_dat_i[10]:0.1662
mprj/u_riscv_top/wbd_imem_dat_i[9]:0.1565
mprj/u_riscv_top/wbd_imem_dat_i[8]:0.1265
mprj/u_riscv_top/wbd_imem_dat_i[7]:0.1889
mprj/u_riscv_top/wbd_imem_dat_i[6]:0.2167
mprj/u_riscv_top/wbd_imem_dat_i[5]:0.2168
mprj/u_riscv_top/wbd_imem_dat_i[4]:0.1681
mprj/u_riscv_top/wbd_imem_dat_i[3]:0.1823
mprj/u_riscv_top/wbd_imem_dat_i[2]:0.1758
mprj/u_riscv_top/wbd_imem_dat_i[1]:0.1653
mprj/u_riscv_top/wbd_imem_dat_i[0]:0.1186
