######### MPRJ-SPI Wishbone Interface Min Timing ########## 
mprj/u_spi_master/wbd_adr_i[31]:1.5655
mprj/u_spi_master/wbd_adr_i[30]:0.9370
mprj/u_spi_master/wbd_adr_i[29]:1.0625
mprj/u_spi_master/wbd_adr_i[28]:1.1516
mprj/u_spi_master/wbd_adr_i[27]:1.4607
mprj/u_spi_master/wbd_adr_i[26]:1.5648
mprj/u_spi_master/wbd_adr_i[25]:1.5941
mprj/u_spi_master/wbd_adr_i[24]:1.5404
mprj/u_spi_master/wbd_adr_i[23]:1.5431
mprj/u_spi_master/wbd_adr_i[22]:1.4028
mprj/u_spi_master/wbd_adr_i[21]:1.5116
mprj/u_spi_master/wbd_adr_i[20]:1.3563
mprj/u_spi_master/wbd_adr_i[19]:1.5135
mprj/u_spi_master/wbd_adr_i[18]:1.3764
mprj/u_spi_master/wbd_adr_i[17]:1.2501
mprj/u_spi_master/wbd_adr_i[16]:1.2591
mprj/u_spi_master/wbd_adr_i[15]:1.3736
mprj/u_spi_master/wbd_adr_i[14]:1.3785
mprj/u_spi_master/wbd_adr_i[13]:1.2456
mprj/u_spi_master/wbd_adr_i[12]:1.3644
mprj/u_spi_master/wbd_adr_i[11]:1.2363
mprj/u_spi_master/wbd_adr_i[10]:1.8344
mprj/u_spi_master/wbd_adr_i[9]:1.9688
mprj/u_spi_master/wbd_adr_i[8]:1.9927
mprj/u_spi_master/wbd_adr_i[7]:2.5923
mprj/u_spi_master/wbd_adr_i[6]:2.5914
mprj/u_spi_master/wbd_adr_i[5]:2.5265
mprj/u_spi_master/wbd_adr_i[4]:2.5211
mprj/u_spi_master/wbd_adr_i[3]:2.5265
mprj/u_spi_master/wbd_adr_i[2]:2.2782
mprj/u_spi_master/wbd_stb_i:2.9811
mprj/u_spi_master/wbd_dat_i[31]:2.5427
mprj/u_spi_master/wbd_dat_i[30]:2.5427
mprj/u_spi_master/wbd_dat_i[29]:2.5427
mprj/u_spi_master/wbd_dat_i[28]:2.3524
mprj/u_spi_master/wbd_dat_i[27]:2.1833
mprj/u_spi_master/wbd_dat_i[26]:2.5560
mprj/u_spi_master/wbd_dat_i[25]:2.4230
mprj/u_spi_master/wbd_dat_i[24]:2.4143
mprj/u_spi_master/wbd_dat_i[23]:2.4230
mprj/u_spi_master/wbd_dat_i[22]:2.3895
mprj/u_spi_master/wbd_dat_i[21]:2.3757
mprj/u_spi_master/wbd_dat_i[20]:2.5845
mprj/u_spi_master/wbd_dat_i[19]:2.5844
mprj/u_spi_master/wbd_dat_i[18]:2.7625
mprj/u_spi_master/wbd_dat_i[17]:2.5554
mprj/u_spi_master/wbd_dat_i[16]:2.5331
mprj/u_spi_master/wbd_dat_i[15]:2.7625
mprj/u_spi_master/wbd_dat_i[14]:2.5899
mprj/u_spi_master/wbd_dat_i[13]:2.5899
mprj/u_spi_master/wbd_dat_i[12]:2.5899
mprj/u_spi_master/wbd_dat_i[11]:2.6876
mprj/u_spi_master/wbd_dat_i[10]:2.6846
mprj/u_spi_master/wbd_dat_i[9]:2.6847
mprj/u_spi_master/wbd_dat_i[8]:2.6846
mprj/u_spi_master/wbd_dat_i[7]:2.5546
mprj/u_spi_master/wbd_dat_i[6]:2.5564
mprj/u_spi_master/wbd_dat_i[5]:2.5564
mprj/u_spi_master/wbd_dat_i[4]:2.5564
mprj/u_spi_master/wbd_dat_i[3]:2.5564
mprj/u_spi_master/wbd_dat_i[2]:2.5499
mprj/u_spi_master/wbd_dat_i[1]:2.5498
mprj/u_spi_master/wbd_dat_i[0]:2.5499
mprj/u_spi_master/wbd_sel_i[3]:2.5134
mprj/u_spi_master/wbd_sel_i[2]:2.5143
mprj/u_spi_master/wbd_sel_i[1]:2.1178
mprj/u_spi_master/wbd_sel_i[0]:2.9159
mprj/u_spi_master/wbd_we_i:2.9159
mprj/u_spi_master/wbd_ack_o:1.3763
mprj/u_spi_master/wbd_dat_o[31]:0.8707
mprj/u_spi_master/wbd_dat_o[30]:0.8202
mprj/u_spi_master/wbd_dat_o[29]:0.7994
mprj/u_spi_master/wbd_dat_o[28]:0.7975
mprj/u_spi_master/wbd_dat_o[27]:1.4935
mprj/u_spi_master/wbd_dat_o[26]:1.4943
mprj/u_spi_master/wbd_dat_o[25]:1.3269
mprj/u_spi_master/wbd_dat_o[24]:1.0533
mprj/u_spi_master/wbd_dat_o[23]:1.4494
mprj/u_spi_master/wbd_dat_o[22]:1.5250
mprj/u_spi_master/wbd_dat_o[21]:1.4463
mprj/u_spi_master/wbd_dat_o[20]:1.4338
mprj/u_spi_master/wbd_dat_o[19]:0.9729
mprj/u_spi_master/wbd_dat_o[18]:1.0195
mprj/u_spi_master/wbd_dat_o[17]:1.0194
mprj/u_spi_master/wbd_dat_o[16]:0.9686
mprj/u_spi_master/wbd_dat_o[15]:0.9015
mprj/u_spi_master/wbd_dat_o[14]:0.9816
mprj/u_spi_master/wbd_dat_o[13]:0.9068
mprj/u_spi_master/wbd_dat_o[12]:0.9188
mprj/u_spi_master/wbd_dat_o[11]:1.0284
mprj/u_spi_master/wbd_dat_o[10]:0.9829
mprj/u_spi_master/wbd_dat_o[9]:0.9956
mprj/u_spi_master/wbd_dat_o[8]:1.0117
mprj/u_spi_master/wbd_dat_o[7]:0.9606
mprj/u_spi_master/wbd_dat_o[6]:0.9892
mprj/u_spi_master/wbd_dat_o[5]:0.9221
mprj/u_spi_master/wbd_dat_o[4]:0.9674
mprj/u_spi_master/wbd_dat_o[3]:0.9975
mprj/u_spi_master/wbd_dat_o[2]:1.0085
mprj/u_spi_master/wbd_dat_o[1]:0.9992
mprj/u_spi_master/wbd_dat_o[0]:1.0321
