######### MPRJ-IMEM Wishbone Interface Min Timing ########## 
mprj/u_riscv_top/wbd_imem_adr_o[31]:3.4956
mprj/u_riscv_top/wbd_imem_adr_o[30]:4.1209
mprj/u_riscv_top/wbd_imem_adr_o[29]:4.2364
mprj/u_riscv_top/wbd_imem_adr_o[28]:4.1704
mprj/u_riscv_top/wbd_imem_adr_o[27]:4.1222
mprj/u_riscv_top/wbd_imem_adr_o[26]:4.1002
mprj/u_riscv_top/wbd_imem_adr_o[25]:4.1080
mprj/u_riscv_top/wbd_imem_adr_o[24]:4.0508
mprj/u_riscv_top/wbd_imem_adr_o[23]:4.0297
mprj/u_riscv_top/wbd_imem_adr_o[22]:4.1447
mprj/u_riscv_top/wbd_imem_adr_o[21]:4.0195
mprj/u_riscv_top/wbd_imem_adr_o[20]:4.1025
mprj/u_riscv_top/wbd_imem_adr_o[19]:4.0269
mprj/u_riscv_top/wbd_imem_adr_o[18]:4.1381
mprj/u_riscv_top/wbd_imem_adr_o[17]:4.3470
mprj/u_riscv_top/wbd_imem_adr_o[16]:4.4040
mprj/u_riscv_top/wbd_imem_adr_o[15]:3.9467
mprj/u_riscv_top/wbd_imem_adr_o[14]:3.9978
mprj/u_riscv_top/wbd_imem_adr_o[13]:4.1197
mprj/u_riscv_top/wbd_imem_adr_o[12]:3.9980
mprj/u_riscv_top/wbd_imem_adr_o[11]:4.1302
mprj/u_riscv_top/wbd_imem_adr_o[10]:3.7134
mprj/u_riscv_top/wbd_imem_adr_o[9]:3.7500
mprj/u_riscv_top/wbd_imem_adr_o[8]:3.7232
mprj/u_riscv_top/wbd_imem_adr_o[7]:3.5865
mprj/u_riscv_top/wbd_imem_adr_o[6]:3.6042
mprj/u_riscv_top/wbd_imem_adr_o[5]:3.5766
mprj/u_riscv_top/wbd_imem_adr_o[4]:3.6655
mprj/u_riscv_top/wbd_imem_adr_o[3]:3.7727
mprj/u_riscv_top/wbd_imem_adr_o[2]:3.9638
mprj/u_riscv_top/wbd_imem_stb_o:3.9594
mprj/u_riscv_top/wbd_imem_ack_i:-0.4370
mprj/u_riscv_top/wbd_imem_dat_i[31]:-0.7891
mprj/u_riscv_top/wbd_imem_dat_i[30]:-0.7795
mprj/u_riscv_top/wbd_imem_dat_i[29]:-0.7395
mprj/u_riscv_top/wbd_imem_dat_i[28]:-0.7640
mprj/u_riscv_top/wbd_imem_dat_i[27]:-1.1922
mprj/u_riscv_top/wbd_imem_dat_i[26]:-1.2092
mprj/u_riscv_top/wbd_imem_dat_i[25]:-1.3081
mprj/u_riscv_top/wbd_imem_dat_i[24]:-0.8802
mprj/u_riscv_top/wbd_imem_dat_i[23]:-1.2723
mprj/u_riscv_top/wbd_imem_dat_i[22]:-1.2446
mprj/u_riscv_top/wbd_imem_dat_i[21]:-1.1373
mprj/u_riscv_top/wbd_imem_dat_i[20]:-1.1991
mprj/u_riscv_top/wbd_imem_dat_i[19]:-0.7027
mprj/u_riscv_top/wbd_imem_dat_i[18]:-0.6749
mprj/u_riscv_top/wbd_imem_dat_i[17]:-0.7550
mprj/u_riscv_top/wbd_imem_dat_i[16]:-0.6639
mprj/u_riscv_top/wbd_imem_dat_i[15]:-0.4815
mprj/u_riscv_top/wbd_imem_dat_i[14]:-0.6208
mprj/u_riscv_top/wbd_imem_dat_i[13]:-0.5743
mprj/u_riscv_top/wbd_imem_dat_i[12]:-0.6020
mprj/u_riscv_top/wbd_imem_dat_i[11]:-0.7153
mprj/u_riscv_top/wbd_imem_dat_i[10]:-0.6751
mprj/u_riscv_top/wbd_imem_dat_i[9]:-0.7001
mprj/u_riscv_top/wbd_imem_dat_i[8]:-0.7872
mprj/u_riscv_top/wbd_imem_dat_i[7]:-0.6135
mprj/u_riscv_top/wbd_imem_dat_i[6]:-0.5475
mprj/u_riscv_top/wbd_imem_dat_i[5]:-0.5499
mprj/u_riscv_top/wbd_imem_dat_i[4]:-0.6824
mprj/u_riscv_top/wbd_imem_dat_i[3]:-0.6274
mprj/u_riscv_top/wbd_imem_dat_i[2]:-0.6460
mprj/u_riscv_top/wbd_imem_dat_i[1]:-0.7011
mprj/u_riscv_top/wbd_imem_dat_i[0]:-0.7896
