######### MPRJ-DMEM Wishbone Interface Min Timing ########## 
mprj/u_riscv_top/wbd_dmem_adr_o[31]:4.3992
mprj/u_riscv_top/wbd_dmem_adr_o[30]:4.9402
mprj/u_riscv_top/wbd_dmem_adr_o[29]:4.9840
mprj/u_riscv_top/wbd_dmem_adr_o[28]:4.8281
mprj/u_riscv_top/wbd_dmem_adr_o[27]:4.8693
mprj/u_riscv_top/wbd_dmem_adr_o[26]:4.7393
mprj/u_riscv_top/wbd_dmem_adr_o[25]:4.8722
mprj/u_riscv_top/wbd_dmem_adr_o[24]:4.7634
mprj/u_riscv_top/wbd_dmem_adr_o[23]:4.8113
mprj/u_riscv_top/wbd_dmem_adr_o[22]:4.9091
mprj/u_riscv_top/wbd_dmem_adr_o[21]:4.6902
mprj/u_riscv_top/wbd_dmem_adr_o[20]:4.8881
mprj/u_riscv_top/wbd_dmem_adr_o[19]:4.6762
mprj/u_riscv_top/wbd_dmem_adr_o[18]:4.8448
mprj/u_riscv_top/wbd_dmem_adr_o[17]:4.6638
mprj/u_riscv_top/wbd_dmem_adr_o[16]:4.8835
mprj/u_riscv_top/wbd_dmem_adr_o[15]:4.6633
mprj/u_riscv_top/wbd_dmem_adr_o[14]:4.6427
mprj/u_riscv_top/wbd_dmem_adr_o[13]:4.6834
mprj/u_riscv_top/wbd_dmem_adr_o[12]:4.5010
mprj/u_riscv_top/wbd_dmem_adr_o[11]:4.5900
mprj/u_riscv_top/wbd_dmem_adr_o[10]:4.2339
mprj/u_riscv_top/wbd_dmem_adr_o[9]:4.2432
mprj/u_riscv_top/wbd_dmem_adr_o[8]:4.2426
mprj/u_riscv_top/wbd_dmem_adr_o[7]:4.1293
mprj/u_riscv_top/wbd_dmem_adr_o[6]:4.1273
mprj/u_riscv_top/wbd_dmem_adr_o[5]:4.2135
mprj/u_riscv_top/wbd_dmem_adr_o[4]:4.2096
mprj/u_riscv_top/wbd_dmem_adr_o[3]:4.1321
mprj/u_riscv_top/wbd_dmem_adr_o[2]:4.2337
mprj/u_riscv_top/wbd_dmem_stb_o:3.9823
mprj/u_riscv_top/wbd_dmem_dat_o[31]:4.3383
mprj/u_riscv_top/wbd_dmem_dat_o[30]:4.4666
mprj/u_riscv_top/wbd_dmem_dat_o[29]:4.1965
mprj/u_riscv_top/wbd_dmem_dat_o[28]:4.1900
mprj/u_riscv_top/wbd_dmem_dat_o[27]:4.1895
mprj/u_riscv_top/wbd_dmem_dat_o[26]:4.1352
mprj/u_riscv_top/wbd_dmem_dat_o[25]:4.6063
mprj/u_riscv_top/wbd_dmem_dat_o[24]:4.6039
mprj/u_riscv_top/wbd_dmem_dat_o[23]:4.5720
mprj/u_riscv_top/wbd_dmem_dat_o[22]:4.5582
mprj/u_riscv_top/wbd_dmem_dat_o[21]:4.5609
mprj/u_riscv_top/wbd_dmem_dat_o[20]:4.5522
mprj/u_riscv_top/wbd_dmem_dat_o[19]:4.1194
mprj/u_riscv_top/wbd_dmem_dat_o[18]:4.2061
mprj/u_riscv_top/wbd_dmem_dat_o[17]:4.6497
mprj/u_riscv_top/wbd_dmem_dat_o[16]:4.6468
mprj/u_riscv_top/wbd_dmem_dat_o[15]:4.1856
mprj/u_riscv_top/wbd_dmem_dat_o[14]:4.2330
mprj/u_riscv_top/wbd_dmem_dat_o[13]:4.3176
mprj/u_riscv_top/wbd_dmem_dat_o[12]:4.3825
mprj/u_riscv_top/wbd_dmem_dat_o[11]:4.6460
mprj/u_riscv_top/wbd_dmem_dat_o[10]:4.2433
mprj/u_riscv_top/wbd_dmem_dat_o[9]:4.1043
mprj/u_riscv_top/wbd_dmem_dat_o[8]:4.3534
mprj/u_riscv_top/wbd_dmem_dat_o[7]:4.3100
mprj/u_riscv_top/wbd_dmem_dat_o[6]:4.3700
mprj/u_riscv_top/wbd_dmem_dat_o[5]:4.4175
mprj/u_riscv_top/wbd_dmem_dat_o[4]:4.4219
mprj/u_riscv_top/wbd_dmem_dat_o[3]:4.2846
mprj/u_riscv_top/wbd_dmem_dat_o[2]:4.1882
mprj/u_riscv_top/wbd_dmem_dat_o[1]:4.2220
mprj/u_riscv_top/wbd_dmem_dat_o[0]:4.2269
mprj/u_riscv_top/wbd_dmem_sel_o[3]:3.8623
mprj/u_riscv_top/wbd_dmem_sel_o[2]:3.9543
mprj/u_riscv_top/wbd_dmem_sel_o[1]:4.3784
mprj/u_riscv_top/wbd_dmem_sel_o[0]:4.2457
mprj/u_riscv_top/wbd_dmem_we_o:3.4843
mprj/u_riscv_top/wbd_dmem_ack_i:-0.5030
mprj/u_riscv_top/wbd_dmem_dat_i[31]:-0.5016
mprj/u_riscv_top/wbd_dmem_dat_i[30]:-0.4917
mprj/u_riscv_top/wbd_dmem_dat_i[29]:-0.4436
mprj/u_riscv_top/wbd_dmem_dat_i[28]:-0.4672
mprj/u_riscv_top/wbd_dmem_dat_i[27]:-0.9797
mprj/u_riscv_top/wbd_dmem_dat_i[26]:-0.9734
mprj/u_riscv_top/wbd_dmem_dat_i[25]:-1.0157
mprj/u_riscv_top/wbd_dmem_dat_i[24]:-0.5635
mprj/u_riscv_top/wbd_dmem_dat_i[23]:-1.0105
mprj/u_riscv_top/wbd_dmem_dat_i[22]:-0.9902
mprj/u_riscv_top/wbd_dmem_dat_i[21]:-0.9208
mprj/u_riscv_top/wbd_dmem_dat_i[20]:-0.9819
mprj/u_riscv_top/wbd_dmem_dat_i[19]:-0.4686
mprj/u_riscv_top/wbd_dmem_dat_i[18]:-0.4458
mprj/u_riscv_top/wbd_dmem_dat_i[17]:-0.4949
mprj/u_riscv_top/wbd_dmem_dat_i[16]:-0.4056
mprj/u_riscv_top/wbd_dmem_dat_i[15]:-0.4913
mprj/u_riscv_top/wbd_dmem_dat_i[14]:-0.5336
mprj/u_riscv_top/wbd_dmem_dat_i[13]:-0.5001
mprj/u_riscv_top/wbd_dmem_dat_i[12]:-0.5576
mprj/u_riscv_top/wbd_dmem_dat_i[11]:-0.5986
mprj/u_riscv_top/wbd_dmem_dat_i[10]:-0.4748
mprj/u_riscv_top/wbd_dmem_dat_i[9]:-0.5828
mprj/u_riscv_top/wbd_dmem_dat_i[8]:-0.6159
mprj/u_riscv_top/wbd_dmem_dat_i[7]:-0.3853
mprj/u_riscv_top/wbd_dmem_dat_i[6]:-0.3201
mprj/u_riscv_top/wbd_dmem_dat_i[5]:-0.3256
mprj/u_riscv_top/wbd_dmem_dat_i[4]:-0.4376
mprj/u_riscv_top/wbd_dmem_dat_i[3]:-0.3431
mprj/u_riscv_top/wbd_dmem_dat_i[2]:-0.3885
mprj/u_riscv_top/wbd_dmem_dat_i[1]:-0.4255
mprj/u_riscv_top/wbd_dmem_dat_i[0]:-0.5046
