######### MPRJ-IMEM Wishbone Interface Min Timing ########## 
mprj/u_riscv_top/wbd_imem_adr_o[31]:1.2348
mprj/u_riscv_top/wbd_imem_adr_o[30]:1.5707
mprj/u_riscv_top/wbd_imem_adr_o[29]:1.6334
mprj/u_riscv_top/wbd_imem_adr_o[28]:1.6185
mprj/u_riscv_top/wbd_imem_adr_o[27]:1.5891
mprj/u_riscv_top/wbd_imem_adr_o[26]:1.5748
mprj/u_riscv_top/wbd_imem_adr_o[25]:1.5791
mprj/u_riscv_top/wbd_imem_adr_o[24]:1.5488
mprj/u_riscv_top/wbd_imem_adr_o[23]:1.5370
mprj/u_riscv_top/wbd_imem_adr_o[22]:1.5989
mprj/u_riscv_top/wbd_imem_adr_o[21]:1.5299
mprj/u_riscv_top/wbd_imem_adr_o[20]:1.5783
mprj/u_riscv_top/wbd_imem_adr_o[19]:1.5394
mprj/u_riscv_top/wbd_imem_adr_o[18]:1.6065
mprj/u_riscv_top/wbd_imem_adr_o[17]:1.7178
mprj/u_riscv_top/wbd_imem_adr_o[16]:1.7519
mprj/u_riscv_top/wbd_imem_adr_o[15]:1.5017
mprj/u_riscv_top/wbd_imem_adr_o[14]:1.5313
mprj/u_riscv_top/wbd_imem_adr_o[13]:1.5975
mprj/u_riscv_top/wbd_imem_adr_o[12]:1.5323
mprj/u_riscv_top/wbd_imem_adr_o[11]:1.6036
mprj/u_riscv_top/wbd_imem_adr_o[10]:1.3868
mprj/u_riscv_top/wbd_imem_adr_o[9]:1.4049
mprj/u_riscv_top/wbd_imem_adr_o[8]:1.3910
mprj/u_riscv_top/wbd_imem_adr_o[7]:1.3095
mprj/u_riscv_top/wbd_imem_adr_o[6]:1.3208
mprj/u_riscv_top/wbd_imem_adr_o[5]:1.3051
mprj/u_riscv_top/wbd_imem_adr_o[4]:1.3179
mprj/u_riscv_top/wbd_imem_adr_o[3]:1.3796
mprj/u_riscv_top/wbd_imem_adr_o[2]:1.4774
mprj/u_riscv_top/wbd_imem_stb_o:1.5337
mprj/u_riscv_top/wbd_imem_ack_i:0.0678
mprj/u_riscv_top/wbd_imem_dat_i[31]:-0.0957
mprj/u_riscv_top/wbd_imem_dat_i[30]:-0.0913
mprj/u_riscv_top/wbd_imem_dat_i[29]:-0.0638
mprj/u_riscv_top/wbd_imem_dat_i[28]:-0.0779
mprj/u_riscv_top/wbd_imem_dat_i[27]:-0.3090
mprj/u_riscv_top/wbd_imem_dat_i[26]:-0.3233
mprj/u_riscv_top/wbd_imem_dat_i[25]:-0.3824
mprj/u_riscv_top/wbd_imem_dat_i[24]:-0.1501
mprj/u_riscv_top/wbd_imem_dat_i[23]:-0.3584
mprj/u_riscv_top/wbd_imem_dat_i[22]:-0.3434
mprj/u_riscv_top/wbd_imem_dat_i[21]:-0.2819
mprj/u_riscv_top/wbd_imem_dat_i[20]:-0.3198
mprj/u_riscv_top/wbd_imem_dat_i[19]:-0.0458
mprj/u_riscv_top/wbd_imem_dat_i[18]:-0.0279
mprj/u_riscv_top/wbd_imem_dat_i[17]:-0.0765
mprj/u_riscv_top/wbd_imem_dat_i[16]:-0.0241
mprj/u_riscv_top/wbd_imem_dat_i[15]:0.0891
mprj/u_riscv_top/wbd_imem_dat_i[14]:0.0048
mprj/u_riscv_top/wbd_imem_dat_i[13]:0.0324
mprj/u_riscv_top/wbd_imem_dat_i[12]:0.0206
mprj/u_riscv_top/wbd_imem_dat_i[11]:-0.0512
mprj/u_riscv_top/wbd_imem_dat_i[10]:-0.0283
mprj/u_riscv_top/wbd_imem_dat_i[9]:-0.0432
mprj/u_riscv_top/wbd_imem_dat_i[8]:-0.0885
mprj/u_riscv_top/wbd_imem_dat_i[7]:0.0110
mprj/u_riscv_top/wbd_imem_dat_i[6]:0.0487
mprj/u_riscv_top/wbd_imem_dat_i[5]:0.0480
mprj/u_riscv_top/wbd_imem_dat_i[4]:-0.0251
mprj/u_riscv_top/wbd_imem_dat_i[3]:-0.0016
mprj/u_riscv_top/wbd_imem_dat_i[2]:-0.0121
mprj/u_riscv_top/wbd_imem_dat_i[1]:-0.0364
mprj/u_riscv_top/wbd_imem_dat_i[0]:-0.0958
