######### MPRJ-SPI Wishbone Interface Min Timing ########## 
mprj/u_spi_master/wbd_adr_i[31]:0.6010
mprj/u_spi_master/wbd_adr_i[30]:0.2662
mprj/u_spi_master/wbd_adr_i[29]:0.3420
mprj/u_spi_master/wbd_adr_i[28]:0.3877
mprj/u_spi_master/wbd_adr_i[27]:0.5579
mprj/u_spi_master/wbd_adr_i[26]:0.6172
mprj/u_spi_master/wbd_adr_i[25]:0.6352
mprj/u_spi_master/wbd_adr_i[24]:0.6038
mprj/u_spi_master/wbd_adr_i[23]:0.6075
mprj/u_spi_master/wbd_adr_i[22]:0.5283
mprj/u_spi_master/wbd_adr_i[21]:0.5851
mprj/u_spi_master/wbd_adr_i[20]:0.5038
mprj/u_spi_master/wbd_adr_i[19]:0.5879
mprj/u_spi_master/wbd_adr_i[18]:0.5159
mprj/u_spi_master/wbd_adr_i[17]:0.4388
mprj/u_spi_master/wbd_adr_i[16]:0.4438
mprj/u_spi_master/wbd_adr_i[15]:0.5027
mprj/u_spi_master/wbd_adr_i[14]:0.5057
mprj/u_spi_master/wbd_adr_i[13]:0.4365
mprj/u_spi_master/wbd_adr_i[12]:0.4982
mprj/u_spi_master/wbd_adr_i[11]:0.4317
mprj/u_spi_master/wbd_adr_i[10]:0.7520
mprj/u_spi_master/wbd_adr_i[9]:0.8304
mprj/u_spi_master/wbd_adr_i[8]:0.8445
mprj/u_spi_master/wbd_adr_i[7]:1.1481
mprj/u_spi_master/wbd_adr_i[6]:1.1476
mprj/u_spi_master/wbd_adr_i[5]:1.0782
mprj/u_spi_master/wbd_adr_i[4]:1.0808
mprj/u_spi_master/wbd_adr_i[3]:1.0658
mprj/u_spi_master/wbd_adr_i[2]:0.9494
mprj/u_spi_master/wbd_stb_i:1.3366
mprj/u_spi_master/wbd_dat_i[31]:1.1178
mprj/u_spi_master/wbd_dat_i[30]:1.1138
mprj/u_spi_master/wbd_dat_i[29]:1.1138
mprj/u_spi_master/wbd_dat_i[28]:1.0069
mprj/u_spi_master/wbd_dat_i[27]:0.9037
mprj/u_spi_master/wbd_dat_i[26]:1.1196
mprj/u_spi_master/wbd_dat_i[25]:1.0581
mprj/u_spi_master/wbd_dat_i[24]:1.0043
mprj/u_spi_master/wbd_dat_i[23]:1.0110
mprj/u_spi_master/wbd_dat_i[22]:0.9966
mprj/u_spi_master/wbd_dat_i[21]:0.9849
mprj/u_spi_master/wbd_dat_i[20]:1.1357
mprj/u_spi_master/wbd_dat_i[19]:1.1357
mprj/u_spi_master/wbd_dat_i[18]:1.2440
mprj/u_spi_master/wbd_dat_i[17]:1.0752
mprj/u_spi_master/wbd_dat_i[16]:1.0596
mprj/u_spi_master/wbd_dat_i[15]:1.2439
mprj/u_spi_master/wbd_dat_i[14]:1.1397
mprj/u_spi_master/wbd_dat_i[13]:1.1397
mprj/u_spi_master/wbd_dat_i[12]:1.1396
mprj/u_spi_master/wbd_dat_i[11]:1.2007
mprj/u_spi_master/wbd_dat_i[10]:1.1993
mprj/u_spi_master/wbd_dat_i[9]:1.1994
mprj/u_spi_master/wbd_dat_i[8]:1.1993
mprj/u_spi_master/wbd_dat_i[7]:1.1181
mprj/u_spi_master/wbd_dat_i[6]:1.1184
mprj/u_spi_master/wbd_dat_i[5]:1.1185
mprj/u_spi_master/wbd_dat_i[4]:1.1184
mprj/u_spi_master/wbd_dat_i[3]:1.1185
mprj/u_spi_master/wbd_dat_i[2]:1.1151
mprj/u_spi_master/wbd_dat_i[1]:1.1150
mprj/u_spi_master/wbd_dat_i[0]:1.1151
mprj/u_spi_master/wbd_sel_i[3]:1.0855
mprj/u_spi_master/wbd_sel_i[2]:1.0914
mprj/u_spi_master/wbd_sel_i[1]:0.8867
mprj/u_spi_master/wbd_sel_i[0]:1.2926
mprj/u_spi_master/wbd_we_i:1.3117
mprj/u_spi_master/wbd_ack_o:0.6288
mprj/u_spi_master/wbd_dat_o[31]:0.3537
mprj/u_spi_master/wbd_dat_o[30]:0.3250
mprj/u_spi_master/wbd_dat_o[29]:0.3133
mprj/u_spi_master/wbd_dat_o[28]:0.3121
mprj/u_spi_master/wbd_dat_o[27]:0.7007
mprj/u_spi_master/wbd_dat_o[26]:0.7012
mprj/u_spi_master/wbd_dat_o[25]:0.6049
mprj/u_spi_master/wbd_dat_o[24]:0.4588
mprj/u_spi_master/wbd_dat_o[23]:0.6745
mprj/u_spi_master/wbd_dat_o[22]:0.7179
mprj/u_spi_master/wbd_dat_o[21]:0.6726
mprj/u_spi_master/wbd_dat_o[20]:0.6662
mprj/u_spi_master/wbd_dat_o[19]:0.4123
mprj/u_spi_master/wbd_dat_o[18]:0.4377
mprj/u_spi_master/wbd_dat_o[17]:0.4374
mprj/u_spi_master/wbd_dat_o[16]:0.4086
mprj/u_spi_master/wbd_dat_o[15]:0.3683
mprj/u_spi_master/wbd_dat_o[14]:0.4146
mprj/u_spi_master/wbd_dat_o[13]:0.3714
mprj/u_spi_master/wbd_dat_o[12]:0.3786
mprj/u_spi_master/wbd_dat_o[11]:0.4423
mprj/u_spi_master/wbd_dat_o[10]:0.4163
mprj/u_spi_master/wbd_dat_o[9]:0.4241
mprj/u_spi_master/wbd_dat_o[8]:0.4328
mprj/u_spi_master/wbd_dat_o[7]:0.4028
mprj/u_spi_master/wbd_dat_o[6]:0.4191
mprj/u_spi_master/wbd_dat_o[5]:0.3806
mprj/u_spi_master/wbd_dat_o[4]:0.4070
mprj/u_spi_master/wbd_dat_o[3]:0.4247
mprj/u_spi_master/wbd_dat_o[2]:0.4320
mprj/u_spi_master/wbd_dat_o[1]:0.4262
mprj/u_spi_master/wbd_dat_o[0]:0.4441
