######### MPRJ-DMEM Wishbone Interface Min Timing ########## 
mprj/u_riscv_top/wbd_dmem_adr_o[31]:1.7194
mprj/u_riscv_top/wbd_dmem_adr_o[30]:2.0094
mprj/u_riscv_top/wbd_dmem_adr_o[29]:2.0093
mprj/u_riscv_top/wbd_dmem_adr_o[28]:1.9341
mprj/u_riscv_top/wbd_dmem_adr_o[27]:1.9700
mprj/u_riscv_top/wbd_dmem_adr_o[26]:1.9085
mprj/u_riscv_top/wbd_dmem_adr_o[25]:1.9713
mprj/u_riscv_top/wbd_dmem_adr_o[24]:1.9179
mprj/u_riscv_top/wbd_dmem_adr_o[23]:1.9376
mprj/u_riscv_top/wbd_dmem_adr_o[22]:1.9913
mprj/u_riscv_top/wbd_dmem_adr_o[21]:1.8752
mprj/u_riscv_top/wbd_dmem_adr_o[20]:1.9860
mprj/u_riscv_top/wbd_dmem_adr_o[19]:1.8786
mprj/u_riscv_top/wbd_dmem_adr_o[18]:1.9676
mprj/u_riscv_top/wbd_dmem_adr_o[17]:1.8706
mprj/u_riscv_top/wbd_dmem_adr_o[16]:1.9673
mprj/u_riscv_top/wbd_dmem_adr_o[15]:1.8670
mprj/u_riscv_top/wbd_dmem_adr_o[14]:1.8638
mprj/u_riscv_top/wbd_dmem_adr_o[13]:1.8710
mprj/u_riscv_top/wbd_dmem_adr_o[12]:1.8091
mprj/u_riscv_top/wbd_dmem_adr_o[11]:1.8595
mprj/u_riscv_top/wbd_dmem_adr_o[10]:1.6614
mprj/u_riscv_top/wbd_dmem_adr_o[9]:1.6750
mprj/u_riscv_top/wbd_dmem_adr_o[8]:1.6745
mprj/u_riscv_top/wbd_dmem_adr_o[7]:1.6013
mprj/u_riscv_top/wbd_dmem_adr_o[6]:1.6014
mprj/u_riscv_top/wbd_dmem_adr_o[5]:1.6439
mprj/u_riscv_top/wbd_dmem_adr_o[4]:1.6214
mprj/u_riscv_top/wbd_dmem_adr_o[3]:1.5901
mprj/u_riscv_top/wbd_dmem_adr_o[2]:1.6366
mprj/u_riscv_top/wbd_dmem_stb_o:1.5424
mprj/u_riscv_top/wbd_dmem_dat_o[31]:1.7151
mprj/u_riscv_top/wbd_dmem_dat_o[30]:1.7854
mprj/u_riscv_top/wbd_dmem_dat_o[29]:1.6480
mprj/u_riscv_top/wbd_dmem_dat_o[28]:1.6457
mprj/u_riscv_top/wbd_dmem_dat_o[27]:1.6501
mprj/u_riscv_top/wbd_dmem_dat_o[26]:1.6213
mprj/u_riscv_top/wbd_dmem_dat_o[25]:1.8663
mprj/u_riscv_top/wbd_dmem_dat_o[24]:1.8641
mprj/u_riscv_top/wbd_dmem_dat_o[23]:1.8444
mprj/u_riscv_top/wbd_dmem_dat_o[22]:1.8376
mprj/u_riscv_top/wbd_dmem_dat_o[21]:1.8377
mprj/u_riscv_top/wbd_dmem_dat_o[20]:1.8326
mprj/u_riscv_top/wbd_dmem_dat_o[19]:1.6032
mprj/u_riscv_top/wbd_dmem_dat_o[18]:1.6528
mprj/u_riscv_top/wbd_dmem_dat_o[17]:1.8871
mprj/u_riscv_top/wbd_dmem_dat_o[16]:1.8853
mprj/u_riscv_top/wbd_dmem_dat_o[15]:1.6428
mprj/u_riscv_top/wbd_dmem_dat_o[14]:1.6668
mprj/u_riscv_top/wbd_dmem_dat_o[13]:1.7133
mprj/u_riscv_top/wbd_dmem_dat_o[12]:1.6907
mprj/u_riscv_top/wbd_dmem_dat_o[11]:1.8386
mprj/u_riscv_top/wbd_dmem_dat_o[10]:1.6269
mprj/u_riscv_top/wbd_dmem_dat_o[9]:1.5522
mprj/u_riscv_top/wbd_dmem_dat_o[8]:1.7008
mprj/u_riscv_top/wbd_dmem_dat_o[7]:1.6743
mprj/u_riscv_top/wbd_dmem_dat_o[6]:1.6992
mprj/u_riscv_top/wbd_dmem_dat_o[5]:1.7232
mprj/u_riscv_top/wbd_dmem_dat_o[4]:1.7231
mprj/u_riscv_top/wbd_dmem_dat_o[3]:1.6521
mprj/u_riscv_top/wbd_dmem_dat_o[2]:1.6145
mprj/u_riscv_top/wbd_dmem_dat_o[1]:1.6291
mprj/u_riscv_top/wbd_dmem_dat_o[0]:1.6344
mprj/u_riscv_top/wbd_dmem_sel_o[3]:1.4541
mprj/u_riscv_top/wbd_dmem_sel_o[2]:1.5041
mprj/u_riscv_top/wbd_dmem_sel_o[1]:1.7276
mprj/u_riscv_top/wbd_dmem_sel_o[0]:1.6630
mprj/u_riscv_top/wbd_dmem_we_o:1.2570
mprj/u_riscv_top/wbd_dmem_ack_i:0.0599
mprj/u_riscv_top/wbd_dmem_dat_i[31]:0.0421
mprj/u_riscv_top/wbd_dmem_dat_i[30]:0.0465
mprj/u_riscv_top/wbd_dmem_dat_i[29]:0.0740
mprj/u_riscv_top/wbd_dmem_dat_i[28]:0.0607
mprj/u_riscv_top/wbd_dmem_dat_i[27]:-0.2282
mprj/u_riscv_top/wbd_dmem_dat_i[26]:-0.2194
mprj/u_riscv_top/wbd_dmem_dat_i[25]:-0.2500
mprj/u_riscv_top/wbd_dmem_dat_i[24]:0.0063
mprj/u_riscv_top/wbd_dmem_dat_i[23]:-0.2460
mprj/u_riscv_top/wbd_dmem_dat_i[22]:-0.2381
mprj/u_riscv_top/wbd_dmem_dat_i[21]:-0.1936
mprj/u_riscv_top/wbd_dmem_dat_i[20]:-0.2312
mprj/u_riscv_top/wbd_dmem_dat_i[19]:0.0600
mprj/u_riscv_top/wbd_dmem_dat_i[18]:0.0729
mprj/u_riscv_top/wbd_dmem_dat_i[17]:0.0447
mprj/u_riscv_top/wbd_dmem_dat_i[16]:0.0954
mprj/u_riscv_top/wbd_dmem_dat_i[15]:0.0466
mprj/u_riscv_top/wbd_dmem_dat_i[14]:0.0157
mprj/u_riscv_top/wbd_dmem_dat_i[13]:0.0372
mprj/u_riscv_top/wbd_dmem_dat_i[12]:-0.0108
mprj/u_riscv_top/wbd_dmem_dat_i[11]:-0.0212
mprj/u_riscv_top/wbd_dmem_dat_i[10]:0.0540
mprj/u_riscv_top/wbd_dmem_dat_i[9]:-0.0128
mprj/u_riscv_top/wbd_dmem_dat_i[8]:-0.0355
mprj/u_riscv_top/wbd_dmem_dat_i[7]:0.1109
mprj/u_riscv_top/wbd_dmem_dat_i[6]:0.1479
mprj/u_riscv_top/wbd_dmem_dat_i[5]:0.1441
mprj/u_riscv_top/wbd_dmem_dat_i[4]:0.0708
mprj/u_riscv_top/wbd_dmem_dat_i[3]:0.1336
mprj/u_riscv_top/wbd_dmem_dat_i[2]:0.1066
mprj/u_riscv_top/wbd_dmem_dat_i[1]:0.0701
mprj/u_riscv_top/wbd_dmem_dat_i[0]:0.0295
