######### MPRJ-IMEM Wishbone Interface Min Timing ########## 
mprj/u_riscv_top/wbd_imem_adr_o[31]:0.1084
mprj/u_riscv_top/wbd_imem_adr_o[30]:0.3518
mprj/u_riscv_top/wbd_imem_adr_o[29]:0.3879
mprj/u_riscv_top/wbd_imem_adr_o[28]:0.3727
mprj/u_riscv_top/wbd_imem_adr_o[27]:0.3665
mprj/u_riscv_top/wbd_imem_adr_o[26]:0.3567
mprj/u_riscv_top/wbd_imem_adr_o[25]:0.3605
mprj/u_riscv_top/wbd_imem_adr_o[24]:0.3368
mprj/u_riscv_top/wbd_imem_adr_o[23]:0.3280
mprj/u_riscv_top/wbd_imem_adr_o[22]:0.3675
mprj/u_riscv_top/wbd_imem_adr_o[21]:0.3213
mprj/u_riscv_top/wbd_imem_adr_o[20]:0.3533
mprj/u_riscv_top/wbd_imem_adr_o[19]:0.3310
mprj/u_riscv_top/wbd_imem_adr_o[18]:0.3724
mprj/u_riscv_top/wbd_imem_adr_o[17]:0.4506
mprj/u_riscv_top/wbd_imem_adr_o[16]:0.4668
mprj/u_riscv_top/wbd_imem_adr_o[15]:0.3014
mprj/u_riscv_top/wbd_imem_adr_o[14]:0.3234
mprj/u_riscv_top/wbd_imem_adr_o[13]:0.3666
mprj/u_riscv_top/wbd_imem_adr_o[12]:0.3256
mprj/u_riscv_top/wbd_imem_adr_o[11]:0.3714
mprj/u_riscv_top/wbd_imem_adr_o[10]:0.2190
mprj/u_riscv_top/wbd_imem_adr_o[9]:0.2280
mprj/u_riscv_top/wbd_imem_adr_o[8]:0.2181
mprj/u_riscv_top/wbd_imem_adr_o[7]:0.1523
mprj/u_riscv_top/wbd_imem_adr_o[6]:0.1613
mprj/u_riscv_top/wbd_imem_adr_o[5]:0.1516
mprj/u_riscv_top/wbd_imem_adr_o[4]:0.1610
mprj/u_riscv_top/wbd_imem_adr_o[3]:0.2084
mprj/u_riscv_top/wbd_imem_adr_o[2]:0.2831
mprj/u_riscv_top/wbd_imem_stb_o:0.3374
mprj/u_riscv_top/wbd_imem_ack_i:0.5419
mprj/u_riscv_top/wbd_imem_dat_i[31]:0.4505
mprj/u_riscv_top/wbd_imem_dat_i[30]:0.4518
mprj/u_riscv_top/wbd_imem_dat_i[29]:0.4657
mprj/u_riscv_top/wbd_imem_dat_i[28]:0.4633
mprj/u_riscv_top/wbd_imem_dat_i[27]:0.3081
mprj/u_riscv_top/wbd_imem_dat_i[26]:0.2910
mprj/u_riscv_top/wbd_imem_dat_i[25]:0.2545
mprj/u_riscv_top/wbd_imem_dat_i[24]:0.4130
mprj/u_riscv_top/wbd_imem_dat_i[23]:0.2772
mprj/u_riscv_top/wbd_imem_dat_i[22]:0.2868
mprj/u_riscv_top/wbd_imem_dat_i[21]:0.3266
mprj/u_riscv_top/wbd_imem_dat_i[20]:0.2920
mprj/u_riscv_top/wbd_imem_dat_i[19]:0.4858
mprj/u_riscv_top/wbd_imem_dat_i[18]:0.5006
mprj/u_riscv_top/wbd_imem_dat_i[17]:0.4655
mprj/u_riscv_top/wbd_imem_dat_i[16]:0.5010
mprj/u_riscv_top/wbd_imem_dat_i[15]:0.5809
mprj/u_riscv_top/wbd_imem_dat_i[14]:0.5209
mprj/u_riscv_top/wbd_imem_dat_i[13]:0.5421
mprj/u_riscv_top/wbd_imem_dat_i[12]:0.5320
mprj/u_riscv_top/wbd_imem_dat_i[11]:0.4847
mprj/u_riscv_top/wbd_imem_dat_i[10]:0.4999
mprj/u_riscv_top/wbd_imem_dat_i[9]:0.4857
mprj/u_riscv_top/wbd_imem_dat_i[8]:0.4551
mprj/u_riscv_top/wbd_imem_dat_i[7]:0.5268
mprj/u_riscv_top/wbd_imem_dat_i[6]:0.5541
mprj/u_riscv_top/wbd_imem_dat_i[5]:0.5529
mprj/u_riscv_top/wbd_imem_dat_i[4]:0.5071
mprj/u_riscv_top/wbd_imem_dat_i[3]:0.5173
mprj/u_riscv_top/wbd_imem_dat_i[2]:0.5100
mprj/u_riscv_top/wbd_imem_dat_i[1]:0.5085
mprj/u_riscv_top/wbd_imem_dat_i[0]:0.4434
