######### MPRJ-DMEM Wishbone Interface Min Timing ########## 
mprj/u_riscv_top/wbd_dmem_adr_o[31]:0.4505
mprj/u_riscv_top/wbd_dmem_adr_o[30]:0.6579
mprj/u_riscv_top/wbd_dmem_adr_o[29]:0.6766
mprj/u_riscv_top/wbd_dmem_adr_o[28]:0.6230
mprj/u_riscv_top/wbd_dmem_adr_o[27]:0.6348
mprj/u_riscv_top/wbd_dmem_adr_o[26]:0.5914
mprj/u_riscv_top/wbd_dmem_adr_o[25]:0.6381
mprj/u_riscv_top/wbd_dmem_adr_o[24]:0.5955
mprj/u_riscv_top/wbd_dmem_adr_o[23]:0.6122
mprj/u_riscv_top/wbd_dmem_adr_o[22]:0.6458
mprj/u_riscv_top/wbd_dmem_adr_o[21]:0.5658
mprj/u_riscv_top/wbd_dmem_adr_o[20]:0.6423
mprj/u_riscv_top/wbd_dmem_adr_o[19]:0.5673
mprj/u_riscv_top/wbd_dmem_adr_o[18]:0.6284
mprj/u_riscv_top/wbd_dmem_adr_o[17]:0.5430
mprj/u_riscv_top/wbd_dmem_adr_o[16]:0.6352
mprj/u_riscv_top/wbd_dmem_adr_o[15]:0.5593
mprj/u_riscv_top/wbd_dmem_adr_o[14]:0.5560
mprj/u_riscv_top/wbd_dmem_adr_o[13]:0.5628
mprj/u_riscv_top/wbd_dmem_adr_o[12]:0.5233
mprj/u_riscv_top/wbd_dmem_adr_o[11]:0.5537
mprj/u_riscv_top/wbd_dmem_adr_o[10]:0.4109
mprj/u_riscv_top/wbd_dmem_adr_o[9]:0.4234
mprj/u_riscv_top/wbd_dmem_adr_o[8]:0.4206
mprj/u_riscv_top/wbd_dmem_adr_o[7]:0.3605
mprj/u_riscv_top/wbd_dmem_adr_o[6]:0.3597
mprj/u_riscv_top/wbd_dmem_adr_o[5]:0.3817
mprj/u_riscv_top/wbd_dmem_adr_o[4]:0.3727
mprj/u_riscv_top/wbd_dmem_adr_o[3]:0.3572
mprj/u_riscv_top/wbd_dmem_adr_o[2]:0.3963
mprj/u_riscv_top/wbd_dmem_stb_o:0.3520
mprj/u_riscv_top/wbd_dmem_dat_o[31]:0.4590
mprj/u_riscv_top/wbd_dmem_dat_o[30]:0.5043
mprj/u_riscv_top/wbd_dmem_dat_o[29]:0.4008
mprj/u_riscv_top/wbd_dmem_dat_o[28]:0.4015
mprj/u_riscv_top/wbd_dmem_dat_o[27]:0.4091
mprj/u_riscv_top/wbd_dmem_dat_o[26]:0.3831
mprj/u_riscv_top/wbd_dmem_dat_o[25]:0.5665
mprj/u_riscv_top/wbd_dmem_dat_o[24]:0.5646
mprj/u_riscv_top/wbd_dmem_dat_o[23]:0.5507
mprj/u_riscv_top/wbd_dmem_dat_o[22]:0.5506
mprj/u_riscv_top/wbd_dmem_dat_o[21]:0.5478
mprj/u_riscv_top/wbd_dmem_dat_o[20]:0.5436
mprj/u_riscv_top/wbd_dmem_dat_o[19]:0.3634
mprj/u_riscv_top/wbd_dmem_dat_o[18]:0.4012
mprj/u_riscv_top/wbd_dmem_dat_o[17]:0.5805
mprj/u_riscv_top/wbd_dmem_dat_o[16]:0.5788
mprj/u_riscv_top/wbd_dmem_dat_o[15]:0.3979
mprj/u_riscv_top/wbd_dmem_dat_o[14]:0.4163
mprj/u_riscv_top/wbd_dmem_dat_o[13]:0.4508
mprj/u_riscv_top/wbd_dmem_dat_o[12]:0.4332
mprj/u_riscv_top/wbd_dmem_dat_o[11]:0.5432
mprj/u_riscv_top/wbd_dmem_dat_o[10]:0.3842
mprj/u_riscv_top/wbd_dmem_dat_o[9]:0.3375
mprj/u_riscv_top/wbd_dmem_dat_o[8]:0.4399
mprj/u_riscv_top/wbd_dmem_dat_o[7]:0.4208
mprj/u_riscv_top/wbd_dmem_dat_o[6]:0.4283
mprj/u_riscv_top/wbd_dmem_dat_o[5]:0.4456
mprj/u_riscv_top/wbd_dmem_dat_o[4]:0.4449
mprj/u_riscv_top/wbd_dmem_dat_o[3]:0.3996
mprj/u_riscv_top/wbd_dmem_dat_o[2]:0.3736
mprj/u_riscv_top/wbd_dmem_dat_o[1]:0.3821
mprj/u_riscv_top/wbd_dmem_dat_o[0]:0.3841
mprj/u_riscv_top/wbd_dmem_sel_o[3]:0.2683
mprj/u_riscv_top/wbd_dmem_sel_o[2]:0.3049
mprj/u_riscv_top/wbd_dmem_sel_o[1]:0.4700
mprj/u_riscv_top/wbd_dmem_sel_o[0]:0.4159
mprj/u_riscv_top/wbd_dmem_we_o:0.1493
mprj/u_riscv_top/wbd_dmem_ack_i:0.5462
mprj/u_riscv_top/wbd_dmem_dat_i[31]:0.5230
mprj/u_riscv_top/wbd_dmem_dat_i[30]:0.5252
mprj/u_riscv_top/wbd_dmem_dat_i[29]:0.5371
mprj/u_riscv_top/wbd_dmem_dat_i[28]:0.5353
mprj/u_riscv_top/wbd_dmem_dat_i[27]:0.3271
mprj/u_riscv_top/wbd_dmem_dat_i[26]:0.3421
mprj/u_riscv_top/wbd_dmem_dat_i[25]:0.3090
mprj/u_riscv_top/wbd_dmem_dat_i[24]:0.4995
mprj/u_riscv_top/wbd_dmem_dat_i[23]:0.3132
mprj/u_riscv_top/wbd_dmem_dat_i[22]:0.3114
mprj/u_riscv_top/wbd_dmem_dat_i[21]:0.3574
mprj/u_riscv_top/wbd_dmem_dat_i[20]:0.3235
mprj/u_riscv_top/wbd_dmem_dat_i[19]:0.5401
mprj/u_riscv_top/wbd_dmem_dat_i[18]:0.5450
mprj/u_riscv_top/wbd_dmem_dat_i[17]:0.5285
mprj/u_riscv_top/wbd_dmem_dat_i[16]:0.5614
mprj/u_riscv_top/wbd_dmem_dat_i[15]:0.5306
mprj/u_riscv_top/wbd_dmem_dat_i[14]:0.5072
mprj/u_riscv_top/wbd_dmem_dat_i[13]:0.5191
mprj/u_riscv_top/wbd_dmem_dat_i[12]:0.4650
mprj/u_riscv_top/wbd_dmem_dat_i[11]:0.4841
mprj/u_riscv_top/wbd_dmem_dat_i[10]:0.5316
mprj/u_riscv_top/wbd_dmem_dat_i[9]:0.4863
mprj/u_riscv_top/wbd_dmem_dat_i[8]:0.4525
mprj/u_riscv_top/wbd_dmem_dat_i[7]:0.5731
mprj/u_riscv_top/wbd_dmem_dat_i[6]:0.5999
mprj/u_riscv_top/wbd_dmem_dat_i[5]:0.5928
mprj/u_riscv_top/wbd_dmem_dat_i[4]:0.5232
mprj/u_riscv_top/wbd_dmem_dat_i[3]:0.5845
mprj/u_riscv_top/wbd_dmem_dat_i[2]:0.5683
mprj/u_riscv_top/wbd_dmem_dat_i[1]:0.5079
mprj/u_riscv_top/wbd_dmem_dat_i[0]:0.4895
