######### MPRJ-SPI Wishbone Interface Min Timing ########## 
mprj/u_spi_master/wbd_adr_i[31]:0.3272
mprj/u_spi_master/wbd_adr_i[30]:0.0940
mprj/u_spi_master/wbd_adr_i[29]:0.1455
mprj/u_spi_master/wbd_adr_i[28]:0.1728
mprj/u_spi_master/wbd_adr_i[27]:0.2909
mprj/u_spi_master/wbd_adr_i[26]:0.3397
mprj/u_spi_master/wbd_adr_i[25]:0.3489
mprj/u_spi_master/wbd_adr_i[24]:0.3280
mprj/u_spi_master/wbd_adr_i[23]:0.3359
mprj/u_spi_master/wbd_adr_i[22]:0.2753
mprj/u_spi_master/wbd_adr_i[21]:0.3150
mprj/u_spi_master/wbd_adr_i[20]:0.2624
mprj/u_spi_master/wbd_adr_i[19]:0.3154
mprj/u_spi_master/wbd_adr_i[18]:0.2721
mprj/u_spi_master/wbd_adr_i[17]:0.2169
mprj/u_spi_master/wbd_adr_i[16]:0.2189
mprj/u_spi_master/wbd_adr_i[15]:0.2567
mprj/u_spi_master/wbd_adr_i[14]:0.2603
mprj/u_spi_master/wbd_adr_i[13]:0.2183
mprj/u_spi_master/wbd_adr_i[12]:0.2545
mprj/u_spi_master/wbd_adr_i[11]:0.2139
mprj/u_spi_master/wbd_adr_i[10]:0.4378
mprj/u_spi_master/wbd_adr_i[9]:0.4923
mprj/u_spi_master/wbd_adr_i[8]:0.5047
mprj/u_spi_master/wbd_adr_i[7]:0.7131
mprj/u_spi_master/wbd_adr_i[6]:0.7127
mprj/u_spi_master/wbd_adr_i[5]:0.6513
mprj/u_spi_master/wbd_adr_i[4]:0.6491
mprj/u_spi_master/wbd_adr_i[3]:0.6427
mprj/u_spi_master/wbd_adr_i[2]:0.5634
mprj/u_spi_master/wbd_stb_i:0.8285
mprj/u_spi_master/wbd_dat_i[31]:0.6781
mprj/u_spi_master/wbd_dat_i[30]:0.6916
mprj/u_spi_master/wbd_dat_i[29]:0.6916
mprj/u_spi_master/wbd_dat_i[28]:0.6215
mprj/u_spi_master/wbd_dat_i[27]:0.5502
mprj/u_spi_master/wbd_dat_i[26]:0.6958
mprj/u_spi_master/wbd_dat_i[25]:0.6877
mprj/u_spi_master/wbd_dat_i[24]:0.5974
mprj/u_spi_master/wbd_dat_i[23]:0.6040
mprj/u_spi_master/wbd_dat_i[22]:0.5957
mprj/u_spi_master/wbd_dat_i[21]:0.5800
mprj/u_spi_master/wbd_dat_i[20]:0.7092
mprj/u_spi_master/wbd_dat_i[19]:0.7092
mprj/u_spi_master/wbd_dat_i[18]:0.7844
mprj/u_spi_master/wbd_dat_i[17]:0.6327
mprj/u_spi_master/wbd_dat_i[16]:0.6182
mprj/u_spi_master/wbd_dat_i[15]:0.7844
mprj/u_spi_master/wbd_dat_i[14]:0.6831
mprj/u_spi_master/wbd_dat_i[13]:0.6876
mprj/u_spi_master/wbd_dat_i[12]:0.7050
mprj/u_spi_master/wbd_dat_i[11]:0.7459
mprj/u_spi_master/wbd_dat_i[10]:0.7448
mprj/u_spi_master/wbd_dat_i[9]:0.7449
mprj/u_spi_master/wbd_dat_i[8]:0.7447
mprj/u_spi_master/wbd_dat_i[7]:0.6904
mprj/u_spi_master/wbd_dat_i[6]:0.6902
mprj/u_spi_master/wbd_dat_i[5]:0.6903
mprj/u_spi_master/wbd_dat_i[4]:0.6903
mprj/u_spi_master/wbd_dat_i[3]:0.6903
mprj/u_spi_master/wbd_dat_i[2]:0.6868
mprj/u_spi_master/wbd_dat_i[1]:0.6868
mprj/u_spi_master/wbd_dat_i[0]:0.6869
mprj/u_spi_master/wbd_sel_i[3]:0.6641
mprj/u_spi_master/wbd_sel_i[2]:0.6726
mprj/u_spi_master/wbd_sel_i[1]:0.5271
mprj/u_spi_master/wbd_sel_i[0]:0.7945
mprj/u_spi_master/wbd_we_i:0.8149
mprj/u_spi_master/wbd_ack_o:0.2626
mprj/u_spi_master/wbd_dat_o[31]:0.1111
mprj/u_spi_master/wbd_dat_o[30]:0.0933
mprj/u_spi_master/wbd_dat_o[29]:0.0847
mprj/u_spi_master/wbd_dat_o[28]:0.0835
mprj/u_spi_master/wbd_dat_o[27]:0.3592
mprj/u_spi_master/wbd_dat_o[26]:0.3592
mprj/u_spi_master/wbd_dat_o[25]:0.2982
mprj/u_spi_master/wbd_dat_o[24]:0.1790
mprj/u_spi_master/wbd_dat_o[23]:0.3432
mprj/u_spi_master/wbd_dat_o[22]:0.3716
mprj/u_spi_master/wbd_dat_o[21]:0.3409
mprj/u_spi_master/wbd_dat_o[20]:0.3368
mprj/u_spi_master/wbd_dat_o[19]:0.1493
mprj/u_spi_master/wbd_dat_o[18]:0.1631
mprj/u_spi_master/wbd_dat_o[17]:0.1626
mprj/u_spi_master/wbd_dat_o[16]:0.1440
mprj/u_spi_master/wbd_dat_o[15]:0.1164
mprj/u_spi_master/wbd_dat_o[14]:0.1463
mprj/u_spi_master/wbd_dat_o[13]:0.1184
mprj/u_spi_master/wbd_dat_o[12]:0.1228
mprj/u_spi_master/wbd_dat_o[11]:0.1652
mprj/u_spi_master/wbd_dat_o[10]:0.1491
mprj/u_spi_master/wbd_dat_o[9]:0.1546
mprj/u_spi_master/wbd_dat_o[8]:0.1581
mprj/u_spi_master/wbd_dat_o[7]:0.1387
mprj/u_spi_master/wbd_dat_o[6]:0.1488
mprj/u_spi_master/wbd_dat_o[5]:0.1240
mprj/u_spi_master/wbd_dat_o[4]:0.1416
mprj/u_spi_master/wbd_dat_o[3]:0.1537
mprj/u_spi_master/wbd_dat_o[2]:0.1599
mprj/u_spi_master/wbd_dat_o[1]:0.1555
mprj/u_spi_master/wbd_dat_o[0]:0.1658
