######### MPRJ-IMEM Wishbone Interface Min Timing ########## 
mprj/u_riscv_top/wbd_imem_adr_o[31]:2.9078
mprj/u_riscv_top/wbd_imem_adr_o[30]:3.5827
mprj/u_riscv_top/wbd_imem_adr_o[29]:3.6988
mprj/u_riscv_top/wbd_imem_adr_o[28]:3.6362
mprj/u_riscv_top/wbd_imem_adr_o[27]:3.5990
mprj/u_riscv_top/wbd_imem_adr_o[26]:3.5721
mprj/u_riscv_top/wbd_imem_adr_o[25]:3.5817
mprj/u_riscv_top/wbd_imem_adr_o[24]:3.5177
mprj/u_riscv_top/wbd_imem_adr_o[23]:3.4951
mprj/u_riscv_top/wbd_imem_adr_o[22]:3.5984
mprj/u_riscv_top/wbd_imem_adr_o[21]:3.4829
mprj/u_riscv_top/wbd_imem_adr_o[20]:3.5530
mprj/u_riscv_top/wbd_imem_adr_o[19]:3.4928
mprj/u_riscv_top/wbd_imem_adr_o[18]:3.5921
mprj/u_riscv_top/wbd_imem_adr_o[17]:3.8152
mprj/u_riscv_top/wbd_imem_adr_o[16]:3.8756
mprj/u_riscv_top/wbd_imem_adr_o[15]:3.4051
mprj/u_riscv_top/wbd_imem_adr_o[14]:3.4622
mprj/u_riscv_top/wbd_imem_adr_o[13]:3.5740
mprj/u_riscv_top/wbd_imem_adr_o[12]:3.4634
mprj/u_riscv_top/wbd_imem_adr_o[11]:3.5875
mprj/u_riscv_top/wbd_imem_adr_o[10]:3.1479
mprj/u_riscv_top/wbd_imem_adr_o[9]:3.1887
mprj/u_riscv_top/wbd_imem_adr_o[8]:3.1606
mprj/u_riscv_top/wbd_imem_adr_o[7]:3.0015
mprj/u_riscv_top/wbd_imem_adr_o[6]:3.0219
mprj/u_riscv_top/wbd_imem_adr_o[5]:2.9916
mprj/u_riscv_top/wbd_imem_adr_o[4]:3.0840
mprj/u_riscv_top/wbd_imem_adr_o[3]:3.2077
mprj/u_riscv_top/wbd_imem_adr_o[2]:3.3995
mprj/u_riscv_top/wbd_imem_stb_o:3.3858
mprj/u_riscv_top/wbd_imem_ack_i:0.1139
mprj/u_riscv_top/wbd_imem_dat_i[31]:-0.2535
mprj/u_riscv_top/wbd_imem_dat_i[30]:-0.2586
mprj/u_riscv_top/wbd_imem_dat_i[29]:-0.2301
mprj/u_riscv_top/wbd_imem_dat_i[28]:-0.2372
mprj/u_riscv_top/wbd_imem_dat_i[27]:-0.6919
mprj/u_riscv_top/wbd_imem_dat_i[26]:-0.7176
mprj/u_riscv_top/wbd_imem_dat_i[25]:-0.8174
mprj/u_riscv_top/wbd_imem_dat_i[24]:-0.3535
mprj/u_riscv_top/wbd_imem_dat_i[23]:-0.7762
mprj/u_riscv_top/wbd_imem_dat_i[22]:-0.7451
mprj/u_riscv_top/wbd_imem_dat_i[21]:-0.6251
mprj/u_riscv_top/wbd_imem_dat_i[20]:-0.7067
mprj/u_riscv_top/wbd_imem_dat_i[19]:-0.1561
mprj/u_riscv_top/wbd_imem_dat_i[18]:-0.1233
mprj/u_riscv_top/wbd_imem_dat_i[17]:-0.2128
mprj/u_riscv_top/wbd_imem_dat_i[16]:-0.1259
mprj/u_riscv_top/wbd_imem_dat_i[15]:0.0656
mprj/u_riscv_top/wbd_imem_dat_i[14]:-0.0868
mprj/u_riscv_top/wbd_imem_dat_i[13]:-0.0294
mprj/u_riscv_top/wbd_imem_dat_i[12]:-0.0669
mprj/u_riscv_top/wbd_imem_dat_i[11]:-0.1672
mprj/u_riscv_top/wbd_imem_dat_i[10]:-0.1360
mprj/u_riscv_top/wbd_imem_dat_i[9]:-0.1715
mprj/u_riscv_top/wbd_imem_dat_i[8]:-0.2637
mprj/u_riscv_top/wbd_imem_dat_i[7]:-0.0642
mprj/u_riscv_top/wbd_imem_dat_i[6]:-0.0015
mprj/u_riscv_top/wbd_imem_dat_i[5]:-0.0061
mprj/u_riscv_top/wbd_imem_dat_i[4]:-0.1315
mprj/u_riscv_top/wbd_imem_dat_i[3]:-0.0818
mprj/u_riscv_top/wbd_imem_dat_i[2]:-0.1051
mprj/u_riscv_top/wbd_imem_dat_i[1]:-0.1502
mprj/u_riscv_top/wbd_imem_dat_i[0]:-0.2656
