######### MPRJ-DMEM Wishbone Interface Min Timing ########## 
mprj/u_riscv_top/wbd_dmem_adr_o[31]:3.8854
mprj/u_riscv_top/wbd_dmem_adr_o[30]:4.4640
mprj/u_riscv_top/wbd_dmem_adr_o[29]:4.5247
mprj/u_riscv_top/wbd_dmem_adr_o[28]:4.3573
mprj/u_riscv_top/wbd_dmem_adr_o[27]:4.4121
mprj/u_riscv_top/wbd_dmem_adr_o[26]:4.2604
mprj/u_riscv_top/wbd_dmem_adr_o[25]:4.4211
mprj/u_riscv_top/wbd_dmem_adr_o[24]:4.2883
mprj/u_riscv_top/wbd_dmem_adr_o[23]:4.3543
mprj/u_riscv_top/wbd_dmem_adr_o[22]:4.4390
mprj/u_riscv_top/wbd_dmem_adr_o[21]:4.2191
mprj/u_riscv_top/wbd_dmem_adr_o[20]:4.4142
mprj/u_riscv_top/wbd_dmem_adr_o[19]:4.1950
mprj/u_riscv_top/wbd_dmem_adr_o[18]:4.3646
mprj/u_riscv_top/wbd_dmem_adr_o[17]:4.1445
mprj/u_riscv_top/wbd_dmem_adr_o[16]:4.3905
mprj/u_riscv_top/wbd_dmem_adr_o[15]:4.1826
mprj/u_riscv_top/wbd_dmem_adr_o[14]:4.1513
mprj/u_riscv_top/wbd_dmem_adr_o[13]:4.1927
mprj/u_riscv_top/wbd_dmem_adr_o[12]:4.0235
mprj/u_riscv_top/wbd_dmem_adr_o[11]:4.0958
mprj/u_riscv_top/wbd_dmem_adr_o[10]:3.7281
mprj/u_riscv_top/wbd_dmem_adr_o[9]:3.7435
mprj/u_riscv_top/wbd_dmem_adr_o[8]:3.7367
mprj/u_riscv_top/wbd_dmem_adr_o[7]:3.6130
mprj/u_riscv_top/wbd_dmem_adr_o[6]:3.6043
mprj/u_riscv_top/wbd_dmem_adr_o[5]:3.6704
mprj/u_riscv_top/wbd_dmem_adr_o[4]:3.6930
mprj/u_riscv_top/wbd_dmem_adr_o[3]:3.6050
mprj/u_riscv_top/wbd_dmem_adr_o[2]:3.7022
mprj/u_riscv_top/wbd_dmem_stb_o:3.4414
mprj/u_riscv_top/wbd_dmem_dat_o[31]:3.8406
mprj/u_riscv_top/wbd_dmem_dat_o[30]:3.9598
mprj/u_riscv_top/wbd_dmem_dat_o[29]:3.6546
mprj/u_riscv_top/wbd_dmem_dat_o[28]:3.6496
mprj/u_riscv_top/wbd_dmem_dat_o[27]:3.6511
mprj/u_riscv_top/wbd_dmem_dat_o[26]:3.5881
mprj/u_riscv_top/wbd_dmem_dat_o[25]:4.1219
mprj/u_riscv_top/wbd_dmem_dat_o[24]:4.1203
mprj/u_riscv_top/wbd_dmem_dat_o[23]:4.0843
mprj/u_riscv_top/wbd_dmem_dat_o[22]:4.0736
mprj/u_riscv_top/wbd_dmem_dat_o[21]:4.0760
mprj/u_riscv_top/wbd_dmem_dat_o[20]:4.0644
mprj/u_riscv_top/wbd_dmem_dat_o[19]:3.5677
mprj/u_riscv_top/wbd_dmem_dat_o[18]:3.6665
mprj/u_riscv_top/wbd_dmem_dat_o[17]:4.1724
mprj/u_riscv_top/wbd_dmem_dat_o[16]:4.1663
mprj/u_riscv_top/wbd_dmem_dat_o[15]:3.6443
mprj/u_riscv_top/wbd_dmem_dat_o[14]:3.7018
mprj/u_riscv_top/wbd_dmem_dat_o[13]:3.8045
mprj/u_riscv_top/wbd_dmem_dat_o[12]:3.8517
mprj/u_riscv_top/wbd_dmem_dat_o[11]:4.1458
mprj/u_riscv_top/wbd_dmem_dat_o[10]:3.7227
mprj/u_riscv_top/wbd_dmem_dat_o[9]:3.5564
mprj/u_riscv_top/wbd_dmem_dat_o[8]:3.8484
mprj/u_riscv_top/wbd_dmem_dat_o[7]:3.8025
mprj/u_riscv_top/wbd_dmem_dat_o[6]:3.8547
mprj/u_riscv_top/wbd_dmem_dat_o[5]:3.9115
mprj/u_riscv_top/wbd_dmem_dat_o[4]:3.9145
mprj/u_riscv_top/wbd_dmem_dat_o[3]:3.7638
mprj/u_riscv_top/wbd_dmem_dat_o[2]:3.6431
mprj/u_riscv_top/wbd_dmem_dat_o[1]:3.6946
mprj/u_riscv_top/wbd_dmem_dat_o[0]:3.6882
mprj/u_riscv_top/wbd_dmem_sel_o[3]:3.3093
mprj/u_riscv_top/wbd_dmem_sel_o[2]:3.4161
mprj/u_riscv_top/wbd_dmem_sel_o[1]:3.8897
mprj/u_riscv_top/wbd_dmem_sel_o[0]:3.7192
mprj/u_riscv_top/wbd_dmem_we_o:2.9445
mprj/u_riscv_top/wbd_dmem_ack_i:0.0493
mprj/u_riscv_top/wbd_dmem_dat_i[31]:0.0289
mprj/u_riscv_top/wbd_dmem_dat_i[30]:0.0244
mprj/u_riscv_top/wbd_dmem_dat_i[29]:0.0602
mprj/u_riscv_top/wbd_dmem_dat_i[28]:0.0539
mprj/u_riscv_top/wbd_dmem_dat_i[27]:-0.4940
mprj/u_riscv_top/wbd_dmem_dat_i[26]:-0.4858
mprj/u_riscv_top/wbd_dmem_dat_i[25]:-0.5388
mprj/u_riscv_top/wbd_dmem_dat_i[24]:-0.0410
mprj/u_riscv_top/wbd_dmem_dat_i[23]:-0.5341
mprj/u_riscv_top/wbd_dmem_dat_i[22]:-0.5153
mprj/u_riscv_top/wbd_dmem_dat_i[21]:-0.4343
mprj/u_riscv_top/wbd_dmem_dat_i[20]:-0.4986
mprj/u_riscv_top/wbd_dmem_dat_i[19]:0.0576
mprj/u_riscv_top/wbd_dmem_dat_i[18]:0.0727
mprj/u_riscv_top/wbd_dmem_dat_i[17]:0.0343
mprj/u_riscv_top/wbd_dmem_dat_i[16]:0.1053
mprj/u_riscv_top/wbd_dmem_dat_i[15]:0.0175
mprj/u_riscv_top/wbd_dmem_dat_i[14]:-0.0296
mprj/u_riscv_top/wbd_dmem_dat_i[13]:0.0026
mprj/u_riscv_top/wbd_dmem_dat_i[12]:-0.0621
mprj/u_riscv_top/wbd_dmem_dat_i[11]:-0.0774
mprj/u_riscv_top/wbd_dmem_dat_i[10]:0.0440
mprj/u_riscv_top/wbd_dmem_dat_i[9]:-0.0684
mprj/u_riscv_top/wbd_dmem_dat_i[8]:-0.1082
mprj/u_riscv_top/wbd_dmem_dat_i[7]:0.1370
mprj/u_riscv_top/wbd_dmem_dat_i[6]:0.1926
mprj/u_riscv_top/wbd_dmem_dat_i[5]:0.1844
mprj/u_riscv_top/wbd_dmem_dat_i[4]:0.0840
mprj/u_riscv_top/wbd_dmem_dat_i[3]:0.1732
mprj/u_riscv_top/wbd_dmem_dat_i[2]:0.1281
mprj/u_riscv_top/wbd_dmem_dat_i[1]:0.0788
mprj/u_riscv_top/wbd_dmem_dat_i[0]:0.0037
