######### MPRJ-SPI Wishbone Interface Min Timing ########## 
mprj/u_spi_master/wbd_adr_i[31]:1.7629
mprj/u_spi_master/wbd_adr_i[30]:1.1038
mprj/u_spi_master/wbd_adr_i[29]:1.2305
mprj/u_spi_master/wbd_adr_i[28]:1.3086
mprj/u_spi_master/wbd_adr_i[27]:1.6404
mprj/u_spi_master/wbd_adr_i[26]:1.7636
mprj/u_spi_master/wbd_adr_i[25]:1.7788
mprj/u_spi_master/wbd_adr_i[24]:1.7350
mprj/u_spi_master/wbd_adr_i[23]:1.7443
mprj/u_spi_master/wbd_adr_i[22]:1.6057
mprj/u_spi_master/wbd_adr_i[21]:1.7080
mprj/u_spi_master/wbd_adr_i[20]:1.5581
mprj/u_spi_master/wbd_adr_i[19]:1.7062
mprj/u_spi_master/wbd_adr_i[18]:1.5780
mprj/u_spi_master/wbd_adr_i[17]:1.4459
mprj/u_spi_master/wbd_adr_i[16]:1.4532
mprj/u_spi_master/wbd_adr_i[15]:1.5545
mprj/u_spi_master/wbd_adr_i[14]:1.5639
mprj/u_spi_master/wbd_adr_i[13]:1.4416
mprj/u_spi_master/wbd_adr_i[12]:1.5492
mprj/u_spi_master/wbd_adr_i[11]:1.4304
mprj/u_spi_master/wbd_adr_i[10]:2.0590
mprj/u_spi_master/wbd_adr_i[9]:2.2001
mprj/u_spi_master/wbd_adr_i[8]:2.2288
mprj/u_spi_master/wbd_adr_i[7]:2.7799
mprj/u_spi_master/wbd_adr_i[6]:2.7785
mprj/u_spi_master/wbd_adr_i[5]:2.7135
mprj/u_spi_master/wbd_adr_i[4]:2.7271
mprj/u_spi_master/wbd_adr_i[3]:2.7135
mprj/u_spi_master/wbd_adr_i[2]:2.5095
mprj/u_spi_master/wbd_stb_i:3.1882
mprj/u_spi_master/wbd_dat_i[31]:2.7152
mprj/u_spi_master/wbd_dat_i[30]:2.7341
mprj/u_spi_master/wbd_dat_i[29]:2.7341
mprj/u_spi_master/wbd_dat_i[28]:2.5973
mprj/u_spi_master/wbd_dat_i[27]:2.4179
mprj/u_spi_master/wbd_dat_i[26]:2.7489
mprj/u_spi_master/wbd_dat_i[25]:2.7133
mprj/u_spi_master/wbd_dat_i[24]:2.6899
mprj/u_spi_master/wbd_dat_i[23]:2.6970
mprj/u_spi_master/wbd_dat_i[22]:2.6589
mprj/u_spi_master/wbd_dat_i[21]:2.6431
mprj/u_spi_master/wbd_dat_i[20]:2.7809
mprj/u_spi_master/wbd_dat_i[19]:2.7809
mprj/u_spi_master/wbd_dat_i[18]:2.9652
mprj/u_spi_master/wbd_dat_i[17]:2.8261
mprj/u_spi_master/wbd_dat_i[16]:2.8017
mprj/u_spi_master/wbd_dat_i[15]:2.9651
mprj/u_spi_master/wbd_dat_i[14]:2.7811
mprj/u_spi_master/wbd_dat_i[13]:2.7811
mprj/u_spi_master/wbd_dat_i[12]:2.7810
mprj/u_spi_master/wbd_dat_i[11]:2.8787
mprj/u_spi_master/wbd_dat_i[10]:2.8755
mprj/u_spi_master/wbd_dat_i[9]:2.8756
mprj/u_spi_master/wbd_dat_i[8]:2.8754
mprj/u_spi_master/wbd_dat_i[7]:2.7455
mprj/u_spi_master/wbd_dat_i[6]:2.7472
mprj/u_spi_master/wbd_dat_i[5]:2.7473
mprj/u_spi_master/wbd_dat_i[4]:2.7472
mprj/u_spi_master/wbd_dat_i[3]:2.7473
mprj/u_spi_master/wbd_dat_i[2]:2.7394
mprj/u_spi_master/wbd_dat_i[1]:2.7393
mprj/u_spi_master/wbd_dat_i[0]:2.7394
mprj/u_spi_master/wbd_sel_i[3]:2.6992
mprj/u_spi_master/wbd_sel_i[2]:2.6993
mprj/u_spi_master/wbd_sel_i[1]:2.3228
mprj/u_spi_master/wbd_sel_i[0]:3.1231
mprj/u_spi_master/wbd_we_i:3.1231
mprj/u_spi_master/wbd_ack_o:1.1536
mprj/u_spi_master/wbd_dat_o[31]:0.7036
mprj/u_spi_master/wbd_dat_o[30]:0.6604
mprj/u_spi_master/wbd_dat_o[29]:0.6367
mprj/u_spi_master/wbd_dat_o[28]:0.6334
mprj/u_spi_master/wbd_dat_o[27]:1.3589
mprj/u_spi_master/wbd_dat_o[26]:1.3587
mprj/u_spi_master/wbd_dat_o[25]:1.1951
mprj/u_spi_master/wbd_dat_o[24]:0.8807
mprj/u_spi_master/wbd_dat_o[23]:1.3185
mprj/u_spi_master/wbd_dat_o[22]:1.3947
mprj/u_spi_master/wbd_dat_o[21]:1.3130
mprj/u_spi_master/wbd_dat_o[20]:1.3000
mprj/u_spi_master/wbd_dat_o[19]:0.8009
mprj/u_spi_master/wbd_dat_o[18]:0.8433
mprj/u_spi_master/wbd_dat_o[17]:0.8431
mprj/u_spi_master/wbd_dat_o[16]:0.7995
mprj/u_spi_master/wbd_dat_o[15]:0.7316
mprj/u_spi_master/wbd_dat_o[14]:0.8126
mprj/u_spi_master/wbd_dat_o[13]:0.7373
mprj/u_spi_master/wbd_dat_o[12]:0.7506
mprj/u_spi_master/wbd_dat_o[11]:0.8523
mprj/u_spi_master/wbd_dat_o[10]:0.8142
mprj/u_spi_master/wbd_dat_o[9]:0.8287
mprj/u_spi_master/wbd_dat_o[8]:0.8341
mprj/u_spi_master/wbd_dat_o[7]:0.7847
mprj/u_spi_master/wbd_dat_o[6]:0.8205
mprj/u_spi_master/wbd_dat_o[5]:0.7539
mprj/u_spi_master/wbd_dat_o[4]:0.7924
mprj/u_spi_master/wbd_dat_o[3]:0.8302
mprj/u_spi_master/wbd_dat_o[2]:0.8433
mprj/u_spi_master/wbd_dat_o[1]:0.8321
mprj/u_spi_master/wbd_dat_o[0]:0.8563
