######### MPRJ-SPI Wishbone Interface Min Timing ########## 
mprj/u_spi_master/wbd_adr_i[31]:0.6827
mprj/u_spi_master/wbd_adr_i[30]:0.3235
mprj/u_spi_master/wbd_adr_i[29]:0.3997
mprj/u_spi_master/wbd_adr_i[28]:0.4401
mprj/u_spi_master/wbd_adr_i[27]:0.6220
mprj/u_spi_master/wbd_adr_i[26]:0.6922
mprj/u_spi_master/wbd_adr_i[25]:0.7030
mprj/u_spi_master/wbd_adr_i[24]:0.6760
mprj/u_spi_master/wbd_adr_i[23]:0.6845
mprj/u_spi_master/wbd_adr_i[22]:0.6032
mprj/u_spi_master/wbd_adr_i[21]:0.6581
mprj/u_spi_master/wbd_adr_i[20]:0.5798
mprj/u_spi_master/wbd_adr_i[19]:0.6595
mprj/u_spi_master/wbd_adr_i[18]:0.5921
mprj/u_spi_master/wbd_adr_i[17]:0.5129
mprj/u_spi_master/wbd_adr_i[16]:0.5160
mprj/u_spi_master/wbd_adr_i[15]:0.5709
mprj/u_spi_master/wbd_adr_i[14]:0.5761
mprj/u_spi_master/wbd_adr_i[13]:0.5126
mprj/u_spi_master/wbd_adr_i[12]:0.5675
mprj/u_spi_master/wbd_adr_i[11]:0.5062
mprj/u_spi_master/wbd_adr_i[10]:0.8485
mprj/u_spi_master/wbd_adr_i[9]:0.9297
mprj/u_spi_master/wbd_adr_i[8]:0.9463
mprj/u_spi_master/wbd_adr_i[7]:1.2230
mprj/u_spi_master/wbd_adr_i[6]:1.2223
mprj/u_spi_master/wbd_adr_i[5]:1.1628
mprj/u_spi_master/wbd_adr_i[4]:1.1602
mprj/u_spi_master/wbd_adr_i[3]:1.1531
mprj/u_spi_master/wbd_adr_i[2]:1.0308
mprj/u_spi_master/wbd_stb_i:1.4170
mprj/u_spi_master/wbd_dat_i[31]:1.1814
mprj/u_spi_master/wbd_dat_i[30]:1.1919
mprj/u_spi_master/wbd_dat_i[29]:1.1919
mprj/u_spi_master/wbd_dat_i[28]:1.1005
mprj/u_spi_master/wbd_dat_i[27]:0.9918
mprj/u_spi_master/wbd_dat_i[26]:1.1983
mprj/u_spi_master/wbd_dat_i[25]:1.1733
mprj/u_spi_master/wbd_dat_i[24]:1.0936
mprj/u_spi_master/wbd_dat_i[23]:1.0998
mprj/u_spi_master/wbd_dat_i[22]:1.0873
mprj/u_spi_master/wbd_dat_i[21]:1.0738
mprj/u_spi_master/wbd_dat_i[20]:1.2173
mprj/u_spi_master/wbd_dat_i[19]:1.2173
mprj/u_spi_master/wbd_dat_i[18]:1.3290
mprj/u_spi_master/wbd_dat_i[17]:1.1635
mprj/u_spi_master/wbd_dat_i[16]:1.1462
mprj/u_spi_master/wbd_dat_i[15]:1.3290
mprj/u_spi_master/wbd_dat_i[14]:1.2164
mprj/u_spi_master/wbd_dat_i[13]:1.2164
mprj/u_spi_master/wbd_dat_i[12]:1.2163
mprj/u_spi_master/wbd_dat_i[11]:1.2774
mprj/u_spi_master/wbd_dat_i[10]:1.2759
mprj/u_spi_master/wbd_dat_i[9]:1.2760
mprj/u_spi_master/wbd_dat_i[8]:1.2758
mprj/u_spi_master/wbd_dat_i[7]:1.1947
mprj/u_spi_master/wbd_dat_i[6]:1.1949
mprj/u_spi_master/wbd_dat_i[5]:1.1949
mprj/u_spi_master/wbd_dat_i[4]:1.1949
mprj/u_spi_master/wbd_dat_i[3]:1.1949
mprj/u_spi_master/wbd_dat_i[2]:1.1906
mprj/u_spi_master/wbd_dat_i[1]:1.1905
mprj/u_spi_master/wbd_dat_i[0]:1.1906
mprj/u_spi_master/wbd_sel_i[3]:1.1753
mprj/u_spi_master/wbd_sel_i[2]:1.1755
mprj/u_spi_master/wbd_sel_i[1]:0.9582
mprj/u_spi_master/wbd_sel_i[0]:1.3921
mprj/u_spi_master/wbd_we_i:1.3921
mprj/u_spi_master/wbd_ack_o:0.5031
mprj/u_spi_master/wbd_dat_o[31]:0.2666
mprj/u_spi_master/wbd_dat_o[30]:0.2420
mprj/u_spi_master/wbd_dat_o[29]:0.2290
mprj/u_spi_master/wbd_dat_o[28]:0.2271
mprj/u_spi_master/wbd_dat_o[27]:0.6269
mprj/u_spi_master/wbd_dat_o[26]:0.6267
mprj/u_spi_master/wbd_dat_o[25]:0.5322
mprj/u_spi_master/wbd_dat_o[24]:0.3691
mprj/u_spi_master/wbd_dat_o[23]:0.6023
mprj/u_spi_master/wbd_dat_o[22]:0.6462
mprj/u_spi_master/wbd_dat_o[21]:0.5990
mprj/u_spi_master/wbd_dat_o[20]:0.5923
mprj/u_spi_master/wbd_dat_o[19]:0.3229
mprj/u_spi_master/wbd_dat_o[18]:0.3450
mprj/u_spi_master/wbd_dat_o[17]:0.3446
mprj/u_spi_master/wbd_dat_o[16]:0.3195
mprj/u_spi_master/wbd_dat_o[15]:0.2787
mprj/u_spi_master/wbd_dat_o[14]:0.3255
mprj/u_spi_master/wbd_dat_o[13]:0.2821
mprj/u_spi_master/wbd_dat_o[12]:0.2899
mprj/u_spi_master/wbd_dat_o[11]:0.3497
mprj/u_spi_master/wbd_dat_o[10]:0.3278
mprj/u_spi_master/wbd_dat_o[9]:0.3367
mprj/u_spi_master/wbd_dat_o[8]:0.3390
mprj/u_spi_master/wbd_dat_o[7]:0.3102
mprj/u_spi_master/wbd_dat_o[6]:0.3300
mprj/u_spi_master/wbd_dat_o[5]:0.2919
mprj/u_spi_master/wbd_dat_o[4]:0.3149
mprj/u_spi_master/wbd_dat_o[3]:0.3368
mprj/u_spi_master/wbd_dat_o[2]:0.3456
mprj/u_spi_master/wbd_dat_o[1]:0.3386
mprj/u_spi_master/wbd_dat_o[0]:0.3516
