######### MPRJ-DMEM Wishbone Interface Min Timing ########## 
mprj/u_riscv_top/wbd_dmem_adr_o[31]:1.3017
mprj/u_riscv_top/wbd_dmem_adr_o[30]:1.6074
mprj/u_riscv_top/wbd_dmem_adr_o[29]:1.6147
mprj/u_riscv_top/wbd_dmem_adr_o[28]:1.5326
mprj/u_riscv_top/wbd_dmem_adr_o[27]:1.5817
mprj/u_riscv_top/wbd_dmem_adr_o[26]:1.5036
mprj/u_riscv_top/wbd_dmem_adr_o[25]:1.5860
mprj/u_riscv_top/wbd_dmem_adr_o[24]:1.5145
mprj/u_riscv_top/wbd_dmem_adr_o[23]:1.5465
mprj/u_riscv_top/wbd_dmem_adr_o[22]:1.5922
mprj/u_riscv_top/wbd_dmem_adr_o[21]:1.4735
mprj/u_riscv_top/wbd_dmem_adr_o[20]:1.5842
mprj/u_riscv_top/wbd_dmem_adr_o[19]:1.4724
mprj/u_riscv_top/wbd_dmem_adr_o[18]:1.5609
mprj/u_riscv_top/wbd_dmem_adr_o[17]:1.4436
mprj/u_riscv_top/wbd_dmem_adr_o[16]:1.5578
mprj/u_riscv_top/wbd_dmem_adr_o[15]:1.4612
mprj/u_riscv_top/wbd_dmem_adr_o[14]:1.4527
mprj/u_riscv_top/wbd_dmem_adr_o[13]:1.4604
mprj/u_riscv_top/wbd_dmem_adr_o[12]:1.4057
mprj/u_riscv_top/wbd_dmem_adr_o[11]:1.4474
mprj/u_riscv_top/wbd_dmem_adr_o[10]:1.2471
mprj/u_riscv_top/wbd_dmem_adr_o[9]:1.2612
mprj/u_riscv_top/wbd_dmem_adr_o[8]:1.2568
mprj/u_riscv_top/wbd_dmem_adr_o[7]:1.1742
mprj/u_riscv_top/wbd_dmem_adr_o[6]:1.1713
mprj/u_riscv_top/wbd_dmem_adr_o[5]:1.2079
mprj/u_riscv_top/wbd_dmem_adr_o[4]:1.1992
mprj/u_riscv_top/wbd_dmem_adr_o[3]:1.1598
mprj/u_riscv_top/wbd_dmem_adr_o[2]:1.2074
mprj/u_riscv_top/wbd_dmem_stb_o:1.1086
mprj/u_riscv_top/wbd_dmem_dat_o[31]:1.3044
mprj/u_riscv_top/wbd_dmem_dat_o[30]:1.3694
mprj/u_riscv_top/wbd_dmem_dat_o[29]:1.2112
mprj/u_riscv_top/wbd_dmem_dat_o[28]:1.2105
mprj/u_riscv_top/wbd_dmem_dat_o[27]:1.2182
mprj/u_riscv_top/wbd_dmem_dat_o[26]:1.1827
mprj/u_riscv_top/wbd_dmem_dat_o[25]:1.4604
mprj/u_riscv_top/wbd_dmem_dat_o[24]:1.4588
mprj/u_riscv_top/wbd_dmem_dat_o[23]:1.4363
mprj/u_riscv_top/wbd_dmem_dat_o[22]:1.4324
mprj/u_riscv_top/wbd_dmem_dat_o[21]:1.4317
mprj/u_riscv_top/wbd_dmem_dat_o[20]:1.4253
mprj/u_riscv_top/wbd_dmem_dat_o[19]:1.1609
mprj/u_riscv_top/wbd_dmem_dat_o[18]:1.2171
mprj/u_riscv_top/wbd_dmem_dat_o[17]:1.4844
mprj/u_riscv_top/wbd_dmem_dat_o[16]:1.4809
mprj/u_riscv_top/wbd_dmem_dat_o[15]:1.2066
mprj/u_riscv_top/wbd_dmem_dat_o[14]:1.2378
mprj/u_riscv_top/wbd_dmem_dat_o[13]:1.2913
mprj/u_riscv_top/wbd_dmem_dat_o[12]:1.2632
mprj/u_riscv_top/wbd_dmem_dat_o[11]:1.4276
mprj/u_riscv_top/wbd_dmem_dat_o[10]:1.2012
mprj/u_riscv_top/wbd_dmem_dat_o[9]:1.1164
mprj/u_riscv_top/wbd_dmem_dat_o[8]:1.2848
mprj/u_riscv_top/wbd_dmem_dat_o[7]:1.2547
mprj/u_riscv_top/wbd_dmem_dat_o[6]:1.2775
mprj/u_riscv_top/wbd_dmem_dat_o[5]:1.3079
mprj/u_riscv_top/wbd_dmem_dat_o[4]:1.3076
mprj/u_riscv_top/wbd_dmem_dat_o[3]:1.2257
mprj/u_riscv_top/wbd_dmem_dat_o[2]:1.1792
mprj/u_riscv_top/wbd_dmem_dat_o[1]:1.1992
mprj/u_riscv_top/wbd_dmem_dat_o[0]:1.1999
mprj/u_riscv_top/wbd_dmem_sel_o[3]:1.0158
mprj/u_riscv_top/wbd_dmem_sel_o[2]:1.0741
mprj/u_riscv_top/wbd_dmem_sel_o[1]:1.3224
mprj/u_riscv_top/wbd_dmem_sel_o[0]:1.2383
mprj/u_riscv_top/wbd_dmem_we_o:0.8250
mprj/u_riscv_top/wbd_dmem_ack_i:0.4851
mprj/u_riscv_top/wbd_dmem_dat_i[31]:0.4602
mprj/u_riscv_top/wbd_dmem_dat_i[30]:0.4572
mprj/u_riscv_top/wbd_dmem_dat_i[29]:0.4772
mprj/u_riscv_top/wbd_dmem_dat_i[28]:0.4740
mprj/u_riscv_top/wbd_dmem_dat_i[27]:0.1676
mprj/u_riscv_top/wbd_dmem_dat_i[26]:0.1807
mprj/u_riscv_top/wbd_dmem_dat_i[25]:0.1408
mprj/u_riscv_top/wbd_dmem_dat_i[24]:0.4207
mprj/u_riscv_top/wbd_dmem_dat_i[23]:0.1452
mprj/u_riscv_top/wbd_dmem_dat_i[22]:0.1503
mprj/u_riscv_top/wbd_dmem_dat_i[21]:0.2135
mprj/u_riscv_top/wbd_dmem_dat_i[20]:0.1635
mprj/u_riscv_top/wbd_dmem_dat_i[19]:0.4870
mprj/u_riscv_top/wbd_dmem_dat_i[18]:0.4968
mprj/u_riscv_top/wbd_dmem_dat_i[17]:0.4679
mprj/u_riscv_top/wbd_dmem_dat_i[16]:0.5156
mprj/u_riscv_top/wbd_dmem_dat_i[15]:0.4555
mprj/u_riscv_top/wbd_dmem_dat_i[14]:0.4322
mprj/u_riscv_top/wbd_dmem_dat_i[13]:0.4454
mprj/u_riscv_top/wbd_dmem_dat_i[12]:0.3935
mprj/u_riscv_top/wbd_dmem_dat_i[11]:0.4040
mprj/u_riscv_top/wbd_dmem_dat_i[10]:0.4716
mprj/u_riscv_top/wbd_dmem_dat_i[9]:0.4017
mprj/u_riscv_top/wbd_dmem_dat_i[8]:0.3653
mprj/u_riscv_top/wbd_dmem_dat_i[7]:0.5370
mprj/u_riscv_top/wbd_dmem_dat_i[6]:0.5694
mprj/u_riscv_top/wbd_dmem_dat_i[5]:0.5638
mprj/u_riscv_top/wbd_dmem_dat_i[4]:0.4802
mprj/u_riscv_top/wbd_dmem_dat_i[3]:0.5544
mprj/u_riscv_top/wbd_dmem_dat_i[2]:0.5266
mprj/u_riscv_top/wbd_dmem_dat_i[1]:0.4630
mprj/u_riscv_top/wbd_dmem_dat_i[0]:0.4296
