######### MPRJ-IMEM Wishbone Interface Min Timing ########## 
mprj/u_riscv_top/wbd_imem_adr_o[31]:0.7749
mprj/u_riscv_top/wbd_imem_adr_o[30]:1.1349
mprj/u_riscv_top/wbd_imem_adr_o[29]:1.1985
mprj/u_riscv_top/wbd_imem_adr_o[28]:1.1831
mprj/u_riscv_top/wbd_imem_adr_o[27]:1.1619
mprj/u_riscv_top/wbd_imem_adr_o[26]:1.1452
mprj/u_riscv_top/wbd_imem_adr_o[25]:1.1511
mprj/u_riscv_top/wbd_imem_adr_o[24]:1.1159
mprj/u_riscv_top/wbd_imem_adr_o[23]:1.1038
mprj/u_riscv_top/wbd_imem_adr_o[22]:1.1594
mprj/u_riscv_top/wbd_imem_adr_o[21]:1.0956
mprj/u_riscv_top/wbd_imem_adr_o[20]:1.1368
mprj/u_riscv_top/wbd_imem_adr_o[19]:1.1068
mprj/u_riscv_top/wbd_imem_adr_o[18]:1.1674
mprj/u_riscv_top/wbd_imem_adr_o[17]:1.2846
mprj/u_riscv_top/wbd_imem_adr_o[16]:1.3219
mprj/u_riscv_top/wbd_imem_adr_o[15]:1.0647
mprj/u_riscv_top/wbd_imem_adr_o[14]:1.0976
mprj/u_riscv_top/wbd_imem_adr_o[13]:1.1583
mprj/u_riscv_top/wbd_imem_adr_o[12]:1.0996
mprj/u_riscv_top/wbd_imem_adr_o[11]:1.1663
mprj/u_riscv_top/wbd_imem_adr_o[10]:0.9412
mprj/u_riscv_top/wbd_imem_adr_o[9]:0.9596
mprj/u_riscv_top/wbd_imem_adr_o[8]:0.9437
mprj/u_riscv_top/wbd_imem_adr_o[7]:0.8485
mprj/u_riscv_top/wbd_imem_adr_o[6]:0.8613
mprj/u_riscv_top/wbd_imem_adr_o[5]:0.8449
mprj/u_riscv_top/wbd_imem_adr_o[4]:0.8587
mprj/u_riscv_top/wbd_imem_adr_o[3]:0.9305
mprj/u_riscv_top/wbd_imem_adr_o[2]:1.0304
mprj/u_riscv_top/wbd_imem_stb_o:1.0809
mprj/u_riscv_top/wbd_imem_ack_i:0.4915
mprj/u_riscv_top/wbd_imem_dat_i[31]:0.3270
mprj/u_riscv_top/wbd_imem_dat_i[30]:0.3236
mprj/u_riscv_top/wbd_imem_dat_i[29]:0.3445
mprj/u_riscv_top/wbd_imem_dat_i[28]:0.3405
mprj/u_riscv_top/wbd_imem_dat_i[27]:0.1007
mprj/u_riscv_top/wbd_imem_dat_i[26]:0.0803
mprj/u_riscv_top/wbd_imem_dat_i[25]:0.0215
mprj/u_riscv_top/wbd_imem_dat_i[24]:0.2681
mprj/u_riscv_top/wbd_imem_dat_i[23]:0.0517
mprj/u_riscv_top/wbd_imem_dat_i[22]:0.0687
mprj/u_riscv_top/wbd_imem_dat_i[21]:0.1340
mprj/u_riscv_top/wbd_imem_dat_i[20]:0.0833
mprj/u_riscv_top/wbd_imem_dat_i[19]:0.3807
mprj/u_riscv_top/wbd_imem_dat_i[18]:0.3973
mprj/u_riscv_top/wbd_imem_dat_i[17]:0.3504
mprj/u_riscv_top/wbd_imem_dat_i[16]:0.3935
mprj/u_riscv_top/wbd_imem_dat_i[15]:0.5103
mprj/u_riscv_top/wbd_imem_dat_i[14]:0.4277
mprj/u_riscv_top/wbd_imem_dat_i[13]:0.4516
mprj/u_riscv_top/wbd_imem_dat_i[12]:0.4439
mprj/u_riscv_top/wbd_imem_dat_i[11]:0.3790
mprj/u_riscv_top/wbd_imem_dat_i[10]:0.3971
mprj/u_riscv_top/wbd_imem_dat_i[9]:0.3755
mprj/u_riscv_top/wbd_imem_dat_i[8]:0.3272
mprj/u_riscv_top/wbd_imem_dat_i[7]:0.4369
mprj/u_riscv_top/wbd_imem_dat_i[6]:0.4688
mprj/u_riscv_top/wbd_imem_dat_i[5]:0.4699
mprj/u_riscv_top/wbd_imem_dat_i[4]:0.4080
mprj/u_riscv_top/wbd_imem_dat_i[3]:0.4194
mprj/u_riscv_top/wbd_imem_dat_i[2]:0.4112
mprj/u_riscv_top/wbd_imem_dat_i[1]:0.4003
mprj/u_riscv_top/wbd_imem_dat_i[0]:0.3191
