######### MPRJ-DMEM Wishbone Interface Min Timing ########## 
mprj/u_riscv_top/wbd_dmem_adr_o[31]:0.1275
mprj/u_riscv_top/wbd_dmem_adr_o[30]:0.3463
mprj/u_riscv_top/wbd_dmem_adr_o[29]:0.3729
mprj/u_riscv_top/wbd_dmem_adr_o[28]:0.3091
mprj/u_riscv_top/wbd_dmem_adr_o[27]:0.3191
mprj/u_riscv_top/wbd_dmem_adr_o[26]:0.2772
mprj/u_riscv_top/wbd_dmem_adr_o[25]:0.3237
mprj/u_riscv_top/wbd_dmem_adr_o[24]:0.2801
mprj/u_riscv_top/wbd_dmem_adr_o[23]:0.2925
mprj/u_riscv_top/wbd_dmem_adr_o[22]:0.3347
mprj/u_riscv_top/wbd_dmem_adr_o[21]:0.2508
mprj/u_riscv_top/wbd_dmem_adr_o[20]:0.3330
mprj/u_riscv_top/wbd_dmem_adr_o[19]:0.2551
mprj/u_riscv_top/wbd_dmem_adr_o[18]:0.3212
mprj/u_riscv_top/wbd_dmem_adr_o[17]:0.2336
mprj/u_riscv_top/wbd_dmem_adr_o[16]:0.3320
mprj/u_riscv_top/wbd_dmem_adr_o[15]:0.2466
mprj/u_riscv_top/wbd_dmem_adr_o[14]:0.2436
mprj/u_riscv_top/wbd_dmem_adr_o[13]:0.2515
mprj/u_riscv_top/wbd_dmem_adr_o[12]:0.2114
mprj/u_riscv_top/wbd_dmem_adr_o[11]:0.2443
mprj/u_riscv_top/wbd_dmem_adr_o[10]:0.0853
mprj/u_riscv_top/wbd_dmem_adr_o[9]:0.1083
mprj/u_riscv_top/wbd_dmem_adr_o[8]:0.1014
mprj/u_riscv_top/wbd_dmem_adr_o[7]:0.0276
mprj/u_riscv_top/wbd_dmem_adr_o[6]:0.0229
mprj/u_riscv_top/wbd_dmem_adr_o[5]:0.0444
mprj/u_riscv_top/wbd_dmem_adr_o[4]:0.0351
mprj/u_riscv_top/wbd_dmem_adr_o[3]:0.0245
mprj/u_riscv_top/wbd_dmem_adr_o[2]:0.0932
mprj/u_riscv_top/wbd_dmem_stb_o:0.0423
mprj/u_riscv_top/wbd_dmem_dat_o[31]:0.1475
mprj/u_riscv_top/wbd_dmem_dat_o[30]:0.1945
mprj/u_riscv_top/wbd_dmem_dat_o[29]:0.0807
mprj/u_riscv_top/wbd_dmem_dat_o[28]:0.0839
mprj/u_riscv_top/wbd_dmem_dat_o[27]:0.0931
mprj/u_riscv_top/wbd_dmem_dat_o[26]:0.0583
mprj/u_riscv_top/wbd_dmem_dat_o[25]:0.2657
mprj/u_riscv_top/wbd_dmem_dat_o[24]:0.2640
mprj/u_riscv_top/wbd_dmem_dat_o[23]:0.2507
mprj/u_riscv_top/wbd_dmem_dat_o[22]:0.2531
mprj/u_riscv_top/wbd_dmem_dat_o[21]:0.2508
mprj/u_riscv_top/wbd_dmem_dat_o[20]:0.2459
mprj/u_riscv_top/wbd_dmem_dat_o[19]:0.0383
mprj/u_riscv_top/wbd_dmem_dat_o[18]:0.0790
mprj/u_riscv_top/wbd_dmem_dat_o[17]:0.2784
mprj/u_riscv_top/wbd_dmem_dat_o[16]:0.2769
mprj/u_riscv_top/wbd_dmem_dat_o[15]:0.0739
mprj/u_riscv_top/wbd_dmem_dat_o[14]:0.1003
mprj/u_riscv_top/wbd_dmem_dat_o[13]:0.1372
mprj/u_riscv_top/wbd_dmem_dat_o[12]:0.1194
mprj/u_riscv_top/wbd_dmem_dat_o[11]:0.2359
mprj/u_riscv_top/wbd_dmem_dat_o[10]:0.0609
mprj/u_riscv_top/wbd_dmem_dat_o[9]:0.0314
mprj/u_riscv_top/wbd_dmem_dat_o[8]:0.1279
mprj/u_riscv_top/wbd_dmem_dat_o[7]:0.0977
mprj/u_riscv_top/wbd_dmem_dat_o[6]:0.0961
mprj/u_riscv_top/wbd_dmem_dat_o[5]:0.1123
mprj/u_riscv_top/wbd_dmem_dat_o[4]:0.1113
mprj/u_riscv_top/wbd_dmem_dat_o[3]:0.0721
mprj/u_riscv_top/wbd_dmem_dat_o[2]:0.0590
mprj/u_riscv_top/wbd_dmem_dat_o[1]:0.0574
mprj/u_riscv_top/wbd_dmem_dat_o[0]:0.0601
mprj/u_riscv_top/wbd_dmem_sel_o[3]:-0.0487
mprj/u_riscv_top/wbd_dmem_sel_o[2]:-0.0143
mprj/u_riscv_top/wbd_dmem_sel_o[1]:0.1593
mprj/u_riscv_top/wbd_dmem_sel_o[0]:0.1130
mprj/u_riscv_top/wbd_dmem_we_o:-0.1514
mprj/u_riscv_top/wbd_dmem_ack_i:0.8270
mprj/u_riscv_top/wbd_dmem_dat_i[31]:0.7880
mprj/u_riscv_top/wbd_dmem_dat_i[30]:0.7879
mprj/u_riscv_top/wbd_dmem_dat_i[29]:0.7966
mprj/u_riscv_top/wbd_dmem_dat_i[28]:0.7991
mprj/u_riscv_top/wbd_dmem_dat_i[27]:0.5791
mprj/u_riscv_top/wbd_dmem_dat_i[26]:0.6003
mprj/u_riscv_top/wbd_dmem_dat_i[25]:0.5605
mprj/u_riscv_top/wbd_dmem_dat_i[24]:0.7655
mprj/u_riscv_top/wbd_dmem_dat_i[23]:0.5651
mprj/u_riscv_top/wbd_dmem_dat_i[22]:0.5568
mprj/u_riscv_top/wbd_dmem_dat_i[21]:0.6137
mprj/u_riscv_top/wbd_dmem_dat_i[20]:0.5747
mprj/u_riscv_top/wbd_dmem_dat_i[19]:0.8089
mprj/u_riscv_top/wbd_dmem_dat_i[18]:0.8148
mprj/u_riscv_top/wbd_dmem_dat_i[17]:0.7981
mprj/u_riscv_top/wbd_dmem_dat_i[16]:0.8271
mprj/u_riscv_top/wbd_dmem_dat_i[15]:0.8016
mprj/u_riscv_top/wbd_dmem_dat_i[14]:0.7779
mprj/u_riscv_top/wbd_dmem_dat_i[13]:0.7840
mprj/u_riscv_top/wbd_dmem_dat_i[12]:0.7260
mprj/u_riscv_top/wbd_dmem_dat_i[11]:0.7534
mprj/u_riscv_top/wbd_dmem_dat_i[10]:0.7967
mprj/u_riscv_top/wbd_dmem_dat_i[9]:0.7514
mprj/u_riscv_top/wbd_dmem_dat_i[8]:0.7105
mprj/u_riscv_top/wbd_dmem_dat_i[7]:0.8424
mprj/u_riscv_top/wbd_dmem_dat_i[6]:0.8684
mprj/u_riscv_top/wbd_dmem_dat_i[5]:0.8568
mprj/u_riscv_top/wbd_dmem_dat_i[4]:0.7772
mprj/u_riscv_top/wbd_dmem_dat_i[3]:0.8505
mprj/u_riscv_top/wbd_dmem_dat_i[2]:0.8348
mprj/u_riscv_top/wbd_dmem_dat_i[1]:0.7529
mprj/u_riscv_top/wbd_dmem_dat_i[0]:0.7446
