######### MPRJ-SPI Wishbone Interface Min Timing ########## 
mprj/u_spi_master/wbd_adr_i[31]:0.3436
mprj/u_spi_master/wbd_adr_i[30]:0.0980
mprj/u_spi_master/wbd_adr_i[29]:0.1491
mprj/u_spi_master/wbd_adr_i[28]:0.1823
mprj/u_spi_master/wbd_adr_i[27]:0.3008
mprj/u_spi_master/wbd_adr_i[26]:0.3518
mprj/u_spi_master/wbd_adr_i[25]:0.3608
mprj/u_spi_master/wbd_adr_i[24]:0.3383
mprj/u_spi_master/wbd_adr_i[23]:0.3490
mprj/u_spi_master/wbd_adr_i[22]:0.2726
mprj/u_spi_master/wbd_adr_i[21]:0.3224
mprj/u_spi_master/wbd_adr_i[20]:0.2636
mprj/u_spi_master/wbd_adr_i[19]:0.3218
mprj/u_spi_master/wbd_adr_i[18]:0.2760
mprj/u_spi_master/wbd_adr_i[17]:0.2207
mprj/u_spi_master/wbd_adr_i[16]:0.2247
mprj/u_spi_master/wbd_adr_i[15]:0.2657
mprj/u_spi_master/wbd_adr_i[14]:0.2712
mprj/u_spi_master/wbd_adr_i[13]:0.2255
mprj/u_spi_master/wbd_adr_i[12]:0.2630
mprj/u_spi_master/wbd_adr_i[11]:0.2214
mprj/u_spi_master/wbd_adr_i[10]:0.4613
mprj/u_spi_master/wbd_adr_i[9]:0.5137
mprj/u_spi_master/wbd_adr_i[8]:0.5266
mprj/u_spi_master/wbd_adr_i[7]:0.7204
mprj/u_spi_master/wbd_adr_i[6]:0.7195
mprj/u_spi_master/wbd_adr_i[5]:0.6768
mprj/u_spi_master/wbd_adr_i[4]:0.6726
mprj/u_spi_master/wbd_adr_i[3]:0.6694
mprj/u_spi_master/wbd_adr_i[2]:0.5575
mprj/u_spi_master/wbd_stb_i:0.8261
mprj/u_spi_master/wbd_dat_i[31]:0.6773
mprj/u_spi_master/wbd_dat_i[30]:0.6992
mprj/u_spi_master/wbd_dat_i[29]:0.6992
mprj/u_spi_master/wbd_dat_i[28]:0.6383
mprj/u_spi_master/wbd_dat_i[27]:0.5696
mprj/u_spi_master/wbd_dat_i[26]:0.7035
mprj/u_spi_master/wbd_dat_i[25]:0.6893
mprj/u_spi_master/wbd_dat_i[24]:0.5862
mprj/u_spi_master/wbd_dat_i[23]:0.5955
mprj/u_spi_master/wbd_dat_i[22]:0.5789
mprj/u_spi_master/wbd_dat_i[21]:0.5669
mprj/u_spi_master/wbd_dat_i[20]:0.7181
mprj/u_spi_master/wbd_dat_i[19]:0.7181
mprj/u_spi_master/wbd_dat_i[18]:0.7942
mprj/u_spi_master/wbd_dat_i[17]:0.6160
mprj/u_spi_master/wbd_dat_i[16]:0.6048
mprj/u_spi_master/wbd_dat_i[15]:0.7942
mprj/u_spi_master/wbd_dat_i[14]:0.6863
mprj/u_spi_master/wbd_dat_i[13]:0.6939
mprj/u_spi_master/wbd_dat_i[12]:0.7083
mprj/u_spi_master/wbd_dat_i[11]:0.7490
mprj/u_spi_master/wbd_dat_i[10]:0.7478
mprj/u_spi_master/wbd_dat_i[9]:0.7481
mprj/u_spi_master/wbd_dat_i[8]:0.7477
mprj/u_spi_master/wbd_dat_i[7]:0.6935
mprj/u_spi_master/wbd_dat_i[6]:0.6934
mprj/u_spi_master/wbd_dat_i[5]:0.6936
mprj/u_spi_master/wbd_dat_i[4]:0.6934
mprj/u_spi_master/wbd_dat_i[3]:0.6935
mprj/u_spi_master/wbd_dat_i[2]:0.6882
mprj/u_spi_master/wbd_dat_i[1]:0.6881
mprj/u_spi_master/wbd_dat_i[0]:0.6882
mprj/u_spi_master/wbd_sel_i[3]:0.6681
mprj/u_spi_master/wbd_sel_i[2]:0.6712
mprj/u_spi_master/wbd_sel_i[1]:0.5278
mprj/u_spi_master/wbd_sel_i[0]:0.7679
mprj/u_spi_master/wbd_we_i:0.8126
mprj/u_spi_master/wbd_ack_o:0.2205
mprj/u_spi_master/wbd_dat_o[31]:0.0773
mprj/u_spi_master/wbd_dat_o[30]:0.0617
mprj/u_spi_master/wbd_dat_o[29]:0.0522
mprj/u_spi_master/wbd_dat_o[28]:0.0511
mprj/u_spi_master/wbd_dat_o[27]:0.3308
mprj/u_spi_master/wbd_dat_o[26]:0.3307
mprj/u_spi_master/wbd_dat_o[25]:0.2694
mprj/u_spi_master/wbd_dat_o[24]:0.1441
mprj/u_spi_master/wbd_dat_o[23]:0.3139
mprj/u_spi_master/wbd_dat_o[22]:0.3416
mprj/u_spi_master/wbd_dat_o[21]:0.3115
mprj/u_spi_master/wbd_dat_o[20]:0.3072
mprj/u_spi_master/wbd_dat_o[19]:0.1138
mprj/u_spi_master/wbd_dat_o[18]:0.1240
mprj/u_spi_master/wbd_dat_o[17]:0.1228
mprj/u_spi_master/wbd_dat_o[16]:0.1055
mprj/u_spi_master/wbd_dat_o[15]:0.0758
mprj/u_spi_master/wbd_dat_o[14]:0.1058
mprj/u_spi_master/wbd_dat_o[13]:0.0782
mprj/u_spi_master/wbd_dat_o[12]:0.0823
mprj/u_spi_master/wbd_dat_o[11]:0.1257
mprj/u_spi_master/wbd_dat_o[10]:0.1113
mprj/u_spi_master/wbd_dat_o[9]:0.1167
mprj/u_spi_master/wbd_dat_o[8]:0.1170
mprj/u_spi_master/wbd_dat_o[7]:0.0980
mprj/u_spi_master/wbd_dat_o[6]:0.1091
mprj/u_spi_master/wbd_dat_o[5]:0.0846
mprj/u_spi_master/wbd_dat_o[4]:0.1018
mprj/u_spi_master/wbd_dat_o[3]:0.1154
mprj/u_spi_master/wbd_dat_o[2]:0.1225
mprj/u_spi_master/wbd_dat_o[1]:0.1176
mprj/u_spi_master/wbd_dat_o[0]:0.1256
