######### MPRJ-SPI Wishbone Interface Min Timing ########## 
mprj/u_spi_master/wbd_adr_i[31]:1.8622
mprj/u_spi_master/wbd_adr_i[30]:1.1737
mprj/u_spi_master/wbd_adr_i[29]:1.2979
mprj/u_spi_master/wbd_adr_i[28]:1.3946
mprj/u_spi_master/wbd_adr_i[27]:1.7245
mprj/u_spi_master/wbd_adr_i[26]:1.8582
mprj/u_spi_master/wbd_adr_i[25]:1.8676
mprj/u_spi_master/wbd_adr_i[24]:1.8247
mprj/u_spi_master/wbd_adr_i[23]:1.8372
mprj/u_spi_master/wbd_adr_i[22]:1.6680
mprj/u_spi_master/wbd_adr_i[21]:1.7945
mprj/u_spi_master/wbd_adr_i[20]:1.6259
mprj/u_spi_master/wbd_adr_i[19]:1.7896
mprj/u_spi_master/wbd_adr_i[18]:1.6495
mprj/u_spi_master/wbd_adr_i[17]:1.5189
mprj/u_spi_master/wbd_adr_i[16]:1.5307
mprj/u_spi_master/wbd_adr_i[15]:1.6440
mprj/u_spi_master/wbd_adr_i[14]:1.6541
mprj/u_spi_master/wbd_adr_i[13]:1.5197
mprj/u_spi_master/wbd_adr_i[12]:1.6366
mprj/u_spi_master/wbd_adr_i[11]:1.5091
mprj/u_spi_master/wbd_adr_i[10]:2.1751
mprj/u_spi_master/wbd_adr_i[9]:2.3135
mprj/u_spi_master/wbd_adr_i[8]:2.3426
mprj/u_spi_master/wbd_adr_i[7]:2.8232
mprj/u_spi_master/wbd_adr_i[6]:2.8220
mprj/u_spi_master/wbd_adr_i[5]:2.7568
mprj/u_spi_master/wbd_adr_i[4]:2.8074
mprj/u_spi_master/wbd_adr_i[3]:2.7570
mprj/u_spi_master/wbd_adr_i[2]:2.5550
mprj/u_spi_master/wbd_stb_i:3.2399
mprj/u_spi_master/wbd_dat_i[31]:2.7531
mprj/u_spi_master/wbd_dat_i[30]:2.7785
mprj/u_spi_master/wbd_dat_i[29]:2.7784
mprj/u_spi_master/wbd_dat_i[28]:2.6634
mprj/u_spi_master/wbd_dat_i[27]:2.4863
mprj/u_spi_master/wbd_dat_i[26]:2.7923
mprj/u_spi_master/wbd_dat_i[25]:2.7684
mprj/u_spi_master/wbd_dat_i[24]:2.7216
mprj/u_spi_master/wbd_dat_i[23]:2.7286
mprj/u_spi_master/wbd_dat_i[22]:2.6877
mprj/u_spi_master/wbd_dat_i[21]:2.6690
mprj/u_spi_master/wbd_dat_i[20]:2.8252
mprj/u_spi_master/wbd_dat_i[19]:2.8252
mprj/u_spi_master/wbd_dat_i[18]:3.0115
mprj/u_spi_master/wbd_dat_i[17]:2.8527
mprj/u_spi_master/wbd_dat_i[16]:2.8252
mprj/u_spi_master/wbd_dat_i[15]:3.0115
mprj/u_spi_master/wbd_dat_i[14]:2.8190
mprj/u_spi_master/wbd_dat_i[13]:2.8190
mprj/u_spi_master/wbd_dat_i[12]:2.8190
mprj/u_spi_master/wbd_dat_i[11]:2.9165
mprj/u_spi_master/wbd_dat_i[10]:2.9131
mprj/u_spi_master/wbd_dat_i[9]:2.9133
mprj/u_spi_master/wbd_dat_i[8]:2.9129
mprj/u_spi_master/wbd_dat_i[7]:2.7832
mprj/u_spi_master/wbd_dat_i[6]:2.7856
mprj/u_spi_master/wbd_dat_i[5]:2.7858
mprj/u_spi_master/wbd_dat_i[4]:2.7857
mprj/u_spi_master/wbd_dat_i[3]:2.7858
mprj/u_spi_master/wbd_dat_i[2]:2.7751
mprj/u_spi_master/wbd_dat_i[1]:2.7750
mprj/u_spi_master/wbd_dat_i[0]:2.7751
mprj/u_spi_master/wbd_sel_i[3]:2.7412
mprj/u_spi_master/wbd_sel_i[2]:2.7414
mprj/u_spi_master/wbd_sel_i[1]:2.3904
mprj/u_spi_master/wbd_sel_i[0]:3.1749
mprj/u_spi_master/wbd_we_i:3.1749
mprj/u_spi_master/wbd_ack_o:1.0232
mprj/u_spi_master/wbd_dat_o[31]:0.6260
mprj/u_spi_master/wbd_dat_o[30]:0.5884
mprj/u_spi_master/wbd_dat_o[29]:0.5621
mprj/u_spi_master/wbd_dat_o[28]:0.5590
mprj/u_spi_master/wbd_dat_o[27]:1.3022
mprj/u_spi_master/wbd_dat_o[26]:1.3020
mprj/u_spi_master/wbd_dat_o[25]:1.1374
mprj/u_spi_master/wbd_dat_o[24]:0.8005
mprj/u_spi_master/wbd_dat_o[23]:1.2603
mprj/u_spi_master/wbd_dat_o[22]:1.3351
mprj/u_spi_master/wbd_dat_o[21]:1.2550
mprj/u_spi_master/wbd_dat_o[20]:1.2412
mprj/u_spi_master/wbd_dat_o[19]:0.7190
mprj/u_spi_master/wbd_dat_o[18]:0.7570
mprj/u_spi_master/wbd_dat_o[17]:0.7562
mprj/u_spi_master/wbd_dat_o[16]:0.7166
mprj/u_spi_master/wbd_dat_o[15]:0.6454
mprj/u_spi_master/wbd_dat_o[14]:0.7275
mprj/u_spi_master/wbd_dat_o[13]:0.6525
mprj/u_spi_master/wbd_dat_o[12]:0.6659
mprj/u_spi_master/wbd_dat_o[11]:0.7664
mprj/u_spi_master/wbd_dat_o[10]:0.7320
mprj/u_spi_master/wbd_dat_o[9]:0.7466
mprj/u_spi_master/wbd_dat_o[8]:0.7464
mprj/u_spi_master/wbd_dat_o[7]:0.6981
mprj/u_spi_master/wbd_dat_o[6]:0.7382
mprj/u_spi_master/wbd_dat_o[5]:0.6724
mprj/u_spi_master/wbd_dat_o[4]:0.7079
mprj/u_spi_master/wbd_dat_o[3]:0.7492
mprj/u_spi_master/wbd_dat_o[2]:0.7626
mprj/u_spi_master/wbd_dat_o[1]:0.7510
mprj/u_spi_master/wbd_dat_o[0]:0.7707
