######### MPRJ-DMEM Wishbone Interface Min Timing ########## 
mprj/u_riscv_top/wbd_dmem_adr_o[31]:3.3353
mprj/u_riscv_top/wbd_dmem_adr_o[30]:3.9610
mprj/u_riscv_top/wbd_dmem_adr_o[29]:4.0348
mprj/u_riscv_top/wbd_dmem_adr_o[28]:3.8362
mprj/u_riscv_top/wbd_dmem_adr_o[27]:3.8974
mprj/u_riscv_top/wbd_dmem_adr_o[26]:3.7554
mprj/u_riscv_top/wbd_dmem_adr_o[25]:3.9078
mprj/u_riscv_top/wbd_dmem_adr_o[24]:3.7766
mprj/u_riscv_top/wbd_dmem_adr_o[23]:3.8285
mprj/u_riscv_top/wbd_dmem_adr_o[22]:3.9364
mprj/u_riscv_top/wbd_dmem_adr_o[21]:3.7044
mprj/u_riscv_top/wbd_dmem_adr_o[20]:3.9145
mprj/u_riscv_top/wbd_dmem_adr_o[19]:3.6852
mprj/u_riscv_top/wbd_dmem_adr_o[18]:3.8708
mprj/u_riscv_top/wbd_dmem_adr_o[17]:3.6433
mprj/u_riscv_top/wbd_dmem_adr_o[16]:3.9037
mprj/u_riscv_top/wbd_dmem_adr_o[15]:3.6705
mprj/u_riscv_top/wbd_dmem_adr_o[14]:3.6448
mprj/u_riscv_top/wbd_dmem_adr_o[13]:3.6886
mprj/u_riscv_top/wbd_dmem_adr_o[12]:3.5146
mprj/u_riscv_top/wbd_dmem_adr_o[11]:3.5972
mprj/u_riscv_top/wbd_dmem_adr_o[10]:3.1775
mprj/u_riscv_top/wbd_dmem_adr_o[9]:3.2130
mprj/u_riscv_top/wbd_dmem_adr_o[8]:3.1999
mprj/u_riscv_top/wbd_dmem_adr_o[7]:3.0601
mprj/u_riscv_top/wbd_dmem_adr_o[6]:3.0407
mprj/u_riscv_top/wbd_dmem_adr_o[5]:3.1028
mprj/u_riscv_top/wbd_dmem_adr_o[4]:3.1317
mprj/u_riscv_top/wbd_dmem_adr_o[3]:3.0512
mprj/u_riscv_top/wbd_dmem_adr_o[2]:3.1977
mprj/u_riscv_top/wbd_dmem_stb_o:2.9319
mprj/u_riscv_top/wbd_dmem_dat_o[31]:3.3254
mprj/u_riscv_top/wbd_dmem_dat_o[30]:3.4533
mprj/u_riscv_top/wbd_dmem_dat_o[29]:3.1336
mprj/u_riscv_top/wbd_dmem_dat_o[28]:3.1329
mprj/u_riscv_top/wbd_dmem_dat_o[27]:3.1331
mprj/u_riscv_top/wbd_dmem_dat_o[26]:3.0604
mprj/u_riscv_top/wbd_dmem_dat_o[25]:3.6520
mprj/u_riscv_top/wbd_dmem_dat_o[24]:3.6521
mprj/u_riscv_top/wbd_dmem_dat_o[23]:3.6145
mprj/u_riscv_top/wbd_dmem_dat_o[22]:3.6037
mprj/u_riscv_top/wbd_dmem_dat_o[21]:3.6094
mprj/u_riscv_top/wbd_dmem_dat_o[20]:3.5962
mprj/u_riscv_top/wbd_dmem_dat_o[19]:3.0404
mprj/u_riscv_top/wbd_dmem_dat_o[18]:3.1430
mprj/u_riscv_top/wbd_dmem_dat_o[17]:3.7003
mprj/u_riscv_top/wbd_dmem_dat_o[16]:3.6945
mprj/u_riscv_top/wbd_dmem_dat_o[15]:3.1191
mprj/u_riscv_top/wbd_dmem_dat_o[14]:3.1864
mprj/u_riscv_top/wbd_dmem_dat_o[13]:3.2884
mprj/u_riscv_top/wbd_dmem_dat_o[12]:3.3354
mprj/u_riscv_top/wbd_dmem_dat_o[11]:3.6454
mprj/u_riscv_top/wbd_dmem_dat_o[10]:3.1811
mprj/u_riscv_top/wbd_dmem_dat_o[9]:3.0384
mprj/u_riscv_top/wbd_dmem_dat_o[8]:3.3186
mprj/u_riscv_top/wbd_dmem_dat_o[7]:3.2582
mprj/u_riscv_top/wbd_dmem_dat_o[6]:3.2998
mprj/u_riscv_top/wbd_dmem_dat_o[5]:3.3564
mprj/u_riscv_top/wbd_dmem_dat_o[4]:3.3573
mprj/u_riscv_top/wbd_dmem_dat_o[3]:3.2110
mprj/u_riscv_top/wbd_dmem_dat_o[2]:3.1113
mprj/u_riscv_top/wbd_dmem_dat_o[1]:3.1493
mprj/u_riscv_top/wbd_dmem_dat_o[0]:3.1460
mprj/u_riscv_top/wbd_dmem_sel_o[3]:2.7743
mprj/u_riscv_top/wbd_dmem_sel_o[2]:2.8694
mprj/u_riscv_top/wbd_dmem_sel_o[1]:3.3758
mprj/u_riscv_top/wbd_dmem_sel_o[0]:3.2186
mprj/u_riscv_top/wbd_dmem_we_o:2.4419
mprj/u_riscv_top/wbd_dmem_ack_i:0.5263
mprj/u_riscv_top/wbd_dmem_dat_i[31]:0.4537
mprj/u_riscv_top/wbd_dmem_dat_i[30]:0.4458
mprj/u_riscv_top/wbd_dmem_dat_i[29]:0.4745
mprj/u_riscv_top/wbd_dmem_dat_i[28]:0.4793
mprj/u_riscv_top/wbd_dmem_dat_i[27]:-0.0918
mprj/u_riscv_top/wbd_dmem_dat_i[26]:-0.0830
mprj/u_riscv_top/wbd_dmem_dat_i[25]:-0.1444
mprj/u_riscv_top/wbd_dmem_dat_i[24]:0.3870
mprj/u_riscv_top/wbd_dmem_dat_i[23]:-0.1349
mprj/u_riscv_top/wbd_dmem_dat_i[22]:-0.1234
mprj/u_riscv_top/wbd_dmem_dat_i[21]:-0.0399
mprj/u_riscv_top/wbd_dmem_dat_i[20]:-0.1038
mprj/u_riscv_top/wbd_dmem_dat_i[19]:0.4827
mprj/u_riscv_top/wbd_dmem_dat_i[18]:0.5020
mprj/u_riscv_top/wbd_dmem_dat_i[17]:0.4591
mprj/u_riscv_top/wbd_dmem_dat_i[16]:0.5228
mprj/u_riscv_top/wbd_dmem_dat_i[15]:0.4429
mprj/u_riscv_top/wbd_dmem_dat_i[14]:0.3942
mprj/u_riscv_top/wbd_dmem_dat_i[13]:0.4199
mprj/u_riscv_top/wbd_dmem_dat_i[12]:0.3520
mprj/u_riscv_top/wbd_dmem_dat_i[11]:0.3493
mprj/u_riscv_top/wbd_dmem_dat_i[10]:0.4636
mprj/u_riscv_top/wbd_dmem_dat_i[9]:0.3483
mprj/u_riscv_top/wbd_dmem_dat_i[8]:0.3080
mprj/u_riscv_top/wbd_dmem_dat_i[7]:0.5607
mprj/u_riscv_top/wbd_dmem_dat_i[6]:0.6159
mprj/u_riscv_top/wbd_dmem_dat_i[5]:0.5993
mprj/u_riscv_top/wbd_dmem_dat_i[4]:0.4958
mprj/u_riscv_top/wbd_dmem_dat_i[3]:0.5950
mprj/u_riscv_top/wbd_dmem_dat_i[2]:0.5473
mprj/u_riscv_top/wbd_dmem_dat_i[1]:0.4823
mprj/u_riscv_top/wbd_dmem_dat_i[0]:0.4125
