######### MPRJ-SPI Wishbone Interface Min Timing ########## 
mprj/u_spi_master/wbd_adr_i[31]:0.7201
mprj/u_spi_master/wbd_adr_i[30]:0.3392
mprj/u_spi_master/wbd_adr_i[29]:0.4149
mprj/u_spi_master/wbd_adr_i[28]:0.4639
mprj/u_spi_master/wbd_adr_i[27]:0.6472
mprj/u_spi_master/wbd_adr_i[26]:0.7209
mprj/u_spi_master/wbd_adr_i[25]:0.7296
mprj/u_spi_master/wbd_adr_i[24]:0.7021
mprj/u_spi_master/wbd_adr_i[23]:0.7129
mprj/u_spi_master/wbd_adr_i[22]:0.6117
mprj/u_spi_master/wbd_adr_i[21]:0.6811
mprj/u_spi_master/wbd_adr_i[20]:0.5930
mprj/u_spi_master/wbd_adr_i[19]:0.6804
mprj/u_spi_master/wbd_adr_i[18]:0.6085
mprj/u_spi_master/wbd_adr_i[17]:0.5295
mprj/u_spi_master/wbd_adr_i[16]:0.5354
mprj/u_spi_master/wbd_adr_i[15]:0.5956
mprj/u_spi_master/wbd_adr_i[14]:0.6022
mprj/u_spi_master/wbd_adr_i[13]:0.5331
mprj/u_spi_master/wbd_adr_i[12]:0.5916
mprj/u_spi_master/wbd_adr_i[11]:0.5273
mprj/u_spi_master/wbd_adr_i[10]:0.8950
mprj/u_spi_master/wbd_adr_i[9]:0.9741
mprj/u_spi_master/wbd_adr_i[8]:0.9911
mprj/u_spi_master/wbd_adr_i[7]:1.2331
mprj/u_spi_master/wbd_adr_i[6]:1.2321
mprj/u_spi_master/wbd_adr_i[5]:1.1912
mprj/u_spi_master/wbd_adr_i[4]:1.1900
mprj/u_spi_master/wbd_adr_i[3]:1.1851
mprj/u_spi_master/wbd_adr_i[2]:1.0269
mprj/u_spi_master/wbd_stb_i:1.4237
mprj/u_spi_master/wbd_dat_i[31]:1.1856
mprj/u_spi_master/wbd_dat_i[30]:1.2028
mprj/u_spi_master/wbd_dat_i[29]:1.2028
mprj/u_spi_master/wbd_dat_i[28]:1.1194
mprj/u_spi_master/wbd_dat_i[27]:1.0127
mprj/u_spi_master/wbd_dat_i[26]:1.2094
mprj/u_spi_master/wbd_dat_i[25]:1.1821
mprj/u_spi_master/wbd_dat_i[24]:1.0857
mprj/u_spi_master/wbd_dat_i[23]:1.0901
mprj/u_spi_master/wbd_dat_i[22]:1.0723
mprj/u_spi_master/wbd_dat_i[21]:1.0555
mprj/u_spi_master/wbd_dat_i[20]:1.2292
mprj/u_spi_master/wbd_dat_i[19]:1.2292
mprj/u_spi_master/wbd_dat_i[18]:1.3423
mprj/u_spi_master/wbd_dat_i[17]:1.1397
mprj/u_spi_master/wbd_dat_i[16]:1.1200
mprj/u_spi_master/wbd_dat_i[15]:1.3422
mprj/u_spi_master/wbd_dat_i[14]:1.2225
mprj/u_spi_master/wbd_dat_i[13]:1.2225
mprj/u_spi_master/wbd_dat_i[12]:1.2225
mprj/u_spi_master/wbd_dat_i[11]:1.2833
mprj/u_spi_master/wbd_dat_i[10]:1.2818
mprj/u_spi_master/wbd_dat_i[9]:1.2820
mprj/u_spi_master/wbd_dat_i[8]:1.2816
mprj/u_spi_master/wbd_dat_i[7]:1.2006
mprj/u_spi_master/wbd_dat_i[6]:1.2009
mprj/u_spi_master/wbd_dat_i[5]:1.2011
mprj/u_spi_master/wbd_dat_i[4]:1.2010
mprj/u_spi_master/wbd_dat_i[3]:1.2011
mprj/u_spi_master/wbd_dat_i[2]:1.1948
mprj/u_spi_master/wbd_dat_i[1]:1.1947
mprj/u_spi_master/wbd_dat_i[0]:1.1948
mprj/u_spi_master/wbd_sel_i[3]:1.1842
mprj/u_spi_master/wbd_sel_i[2]:1.1845
mprj/u_spi_master/wbd_sel_i[1]:0.9708
mprj/u_spi_master/wbd_sel_i[0]:1.3989
mprj/u_spi_master/wbd_we_i:1.3990
mprj/u_spi_master/wbd_ack_o:0.4302
mprj/u_spi_master/wbd_dat_o[31]:0.2183
mprj/u_spi_master/wbd_dat_o[30]:0.1965
mprj/u_spi_master/wbd_dat_o[29]:0.1821
mprj/u_spi_master/wbd_dat_o[28]:0.1805
mprj/u_spi_master/wbd_dat_o[27]:0.5861
mprj/u_spi_master/wbd_dat_o[26]:0.5861
mprj/u_spi_master/wbd_dat_o[25]:0.4910
mprj/u_spi_master/wbd_dat_o[24]:0.3193
mprj/u_spi_master/wbd_dat_o[23]:0.5607
mprj/u_spi_master/wbd_dat_o[22]:0.6037
mprj/u_spi_master/wbd_dat_o[21]:0.5572
mprj/u_spi_master/wbd_dat_o[20]:0.5501
mprj/u_spi_master/wbd_dat_o[19]:0.2721
mprj/u_spi_master/wbd_dat_o[18]:0.2902
mprj/u_spi_master/wbd_dat_o[17]:0.2892
mprj/u_spi_master/wbd_dat_o[16]:0.2658
mprj/u_spi_master/wbd_dat_o[15]:0.2227
mprj/u_spi_master/wbd_dat_o[14]:0.2701
mprj/u_spi_master/wbd_dat_o[13]:0.2270
mprj/u_spi_master/wbd_dat_o[12]:0.2346
mprj/u_spi_master/wbd_dat_o[11]:0.2949
mprj/u_spi_master/wbd_dat_o[10]:0.2751
mprj/u_spi_master/wbd_dat_o[9]:0.2841
mprj/u_spi_master/wbd_dat_o[8]:0.2822
mprj/u_spi_master/wbd_dat_o[7]:0.2543
mprj/u_spi_master/wbd_dat_o[6]:0.2762
mprj/u_spi_master/wbd_dat_o[5]:0.2385
mprj/u_spi_master/wbd_dat_o[4]:0.2605
mprj/u_spi_master/wbd_dat_o[3]:0.2843
mprj/u_spi_master/wbd_dat_o[2]:0.2937
mprj/u_spi_master/wbd_dat_o[1]:0.2863
mprj/u_spi_master/wbd_dat_o[0]:0.2965
