######### MPRJ-IMEM Wishbone Interface Min Timing ########## 
mprj/u_riscv_top/wbd_imem_adr_o[31]:0.3183
mprj/u_riscv_top/wbd_imem_adr_o[30]:0.6988
mprj/u_riscv_top/wbd_imem_adr_o[29]:0.7670
mprj/u_riscv_top/wbd_imem_adr_o[28]:0.7373
mprj/u_riscv_top/wbd_imem_adr_o[27]:0.7171
mprj/u_riscv_top/wbd_imem_adr_o[26]:0.7006
mprj/u_riscv_top/wbd_imem_adr_o[25]:0.7078
mprj/u_riscv_top/wbd_imem_adr_o[24]:0.6711
mprj/u_riscv_top/wbd_imem_adr_o[23]:0.6587
mprj/u_riscv_top/wbd_imem_adr_o[22]:0.7235
mprj/u_riscv_top/wbd_imem_adr_o[21]:0.6513
mprj/u_riscv_top/wbd_imem_adr_o[20]:0.7007
mprj/u_riscv_top/wbd_imem_adr_o[19]:0.6671
mprj/u_riscv_top/wbd_imem_adr_o[18]:0.7335
mprj/u_riscv_top/wbd_imem_adr_o[17]:0.8543
mprj/u_riscv_top/wbd_imem_adr_o[16]:0.8942
mprj/u_riscv_top/wbd_imem_adr_o[15]:0.6221
mprj/u_riscv_top/wbd_imem_adr_o[14]:0.6525
mprj/u_riscv_top/wbd_imem_adr_o[13]:0.7212
mprj/u_riscv_top/wbd_imem_adr_o[12]:0.6570
mprj/u_riscv_top/wbd_imem_adr_o[11]:0.7276
mprj/u_riscv_top/wbd_imem_adr_o[10]:0.4900
mprj/u_riscv_top/wbd_imem_adr_o[9]:0.5113
mprj/u_riscv_top/wbd_imem_adr_o[8]:0.4910
mprj/u_riscv_top/wbd_imem_adr_o[7]:0.3828
mprj/u_riscv_top/wbd_imem_adr_o[6]:0.3959
mprj/u_riscv_top/wbd_imem_adr_o[5]:0.3785
mprj/u_riscv_top/wbd_imem_adr_o[4]:0.3935
mprj/u_riscv_top/wbd_imem_adr_o[3]:0.4681
mprj/u_riscv_top/wbd_imem_adr_o[2]:0.6041
mprj/u_riscv_top/wbd_imem_stb_o:0.6434
mprj/u_riscv_top/wbd_imem_ack_i:0.8843
mprj/u_riscv_top/wbd_imem_dat_i[31]:0.7013
mprj/u_riscv_top/wbd_imem_dat_i[30]:0.6935
mprj/u_riscv_top/wbd_imem_dat_i[29]:0.7111
mprj/u_riscv_top/wbd_imem_dat_i[28]:0.7136
mprj/u_riscv_top/wbd_imem_dat_i[27]:0.4744
mprj/u_riscv_top/wbd_imem_dat_i[26]:0.4431
mprj/u_riscv_top/wbd_imem_dat_i[25]:0.3884
mprj/u_riscv_top/wbd_imem_dat_i[24]:0.6424
mprj/u_riscv_top/wbd_imem_dat_i[23]:0.4282
mprj/u_riscv_top/wbd_imem_dat_i[22]:0.4432
mprj/u_riscv_top/wbd_imem_dat_i[21]:0.4992
mprj/u_riscv_top/wbd_imem_dat_i[20]:0.4471
mprj/u_riscv_top/wbd_imem_dat_i[19]:0.7510
mprj/u_riscv_top/wbd_imem_dat_i[18]:0.7772
mprj/u_riscv_top/wbd_imem_dat_i[17]:0.7248
mprj/u_riscv_top/wbd_imem_dat_i[16]:0.7629
mprj/u_riscv_top/wbd_imem_dat_i[15]:0.8839
mprj/u_riscv_top/wbd_imem_dat_i[14]:0.8006
mprj/u_riscv_top/wbd_imem_dat_i[13]:0.8250
mprj/u_riscv_top/wbd_imem_dat_i[12]:0.8193
mprj/u_riscv_top/wbd_imem_dat_i[11]:0.7543
mprj/u_riscv_top/wbd_imem_dat_i[10]:0.7768
mprj/u_riscv_top/wbd_imem_dat_i[9]:0.7468
mprj/u_riscv_top/wbd_imem_dat_i[8]:0.7030
mprj/u_riscv_top/wbd_imem_dat_i[7]:0.8096
mprj/u_riscv_top/wbd_imem_dat_i[6]:0.8426
mprj/u_riscv_top/wbd_imem_dat_i[5]:0.8440
mprj/u_riscv_top/wbd_imem_dat_i[4]:0.7941
mprj/u_riscv_top/wbd_imem_dat_i[3]:0.7926
mprj/u_riscv_top/wbd_imem_dat_i[2]:0.7826
mprj/u_riscv_top/wbd_imem_dat_i[1]:0.7960
mprj/u_riscv_top/wbd_imem_dat_i[0]:0.6866
